Archive member included to satisfy reference by file (symbol)

c:/program files (x86)/atmel/studio/7.0/toolchain/arm/arm-gnu-toolchain/bin/../lib/gcc/arm-none-eabi/6.3.1/thumb/v6-m\libgcc.a(_udivsi3.o)
                              hpl/core/hpl_core_m0plus_base.o (__aeabi_uidiv)
c:/program files (x86)/atmel/studio/7.0/toolchain/arm/arm-gnu-toolchain/bin/../lib/gcc/arm-none-eabi/6.3.1/thumb/v6-m\libgcc.a(_dvmd_tls.o)
                              c:/program files (x86)/atmel/studio/7.0/toolchain/arm/arm-gnu-toolchain/bin/../lib/gcc/arm-none-eabi/6.3.1/thumb/v6-m\libgcc.a(_udivsi3.o) (__aeabi_idiv0)
c:/program files (x86)/atmel/studio/7.0/toolchain/arm/arm-gnu-toolchain/bin/../lib/gcc/arm-none-eabi/6.3.1/thumb/v6-m\libgcc.a(_arm_cmpsf2.o)
                              sht40x_driver/sht40x_driver.o (__aeabi_fcmplt)
c:/program files (x86)/atmel/studio/7.0/toolchain/arm/arm-gnu-toolchain/bin/../lib/gcc/arm-none-eabi/6.3.1/thumb/v6-m\libgcc.a(_aeabi_uldivmod.o)
                              hpl/sercom/hpl_sercom.o (__aeabi_uldivmod)
c:/program files (x86)/atmel/studio/7.0/toolchain/arm/arm-gnu-toolchain/bin/../lib/gcc/arm-none-eabi/6.3.1/thumb/v6-m\libgcc.a(_muldi3.o)
                              hpl/sercom/hpl_sercom.o (__aeabi_lmul)
c:/program files (x86)/atmel/studio/7.0/toolchain/arm/arm-gnu-toolchain/bin/../lib/gcc/arm-none-eabi/6.3.1/thumb/v6-m\libgcc.a(_fixunssfsi.o)
                              main.o (__aeabi_f2uiz)
c:/program files (x86)/atmel/studio/7.0/toolchain/arm/arm-gnu-toolchain/bin/../lib/gcc/arm-none-eabi/6.3.1/thumb/v6-m\libgcc.a(_fixunsdfsi.o)
                              hpl/sercom/hpl_sercom.o (__aeabi_d2uiz)
c:/program files (x86)/atmel/studio/7.0/toolchain/arm/arm-gnu-toolchain/bin/../lib/gcc/arm-none-eabi/6.3.1/thumb/v6-m\libgcc.a(_udivmoddi4.o)
                              c:/program files (x86)/atmel/studio/7.0/toolchain/arm/arm-gnu-toolchain/bin/../lib/gcc/arm-none-eabi/6.3.1/thumb/v6-m\libgcc.a(_aeabi_uldivmod.o) (__udivmoddi4)
c:/program files (x86)/atmel/studio/7.0/toolchain/arm/arm-gnu-toolchain/bin/../lib/gcc/arm-none-eabi/6.3.1/thumb/v6-m\libgcc.a(addsf3.o)
                              sht40x_driver/sht40x_driver.o (__aeabi_fadd)
c:/program files (x86)/atmel/studio/7.0/toolchain/arm/arm-gnu-toolchain/bin/../lib/gcc/arm-none-eabi/6.3.1/thumb/v6-m\libgcc.a(divsf3.o)
                              main.o (__aeabi_fdiv)
c:/program files (x86)/atmel/studio/7.0/toolchain/arm/arm-gnu-toolchain/bin/../lib/gcc/arm-none-eabi/6.3.1/thumb/v6-m\libgcc.a(eqsf2.o)
                              c:/program files (x86)/atmel/studio/7.0/toolchain/arm/arm-gnu-toolchain/bin/../lib/gcc/arm-none-eabi/6.3.1/thumb/v6-m\libgcc.a(_arm_cmpsf2.o) (__eqsf2)
c:/program files (x86)/atmel/studio/7.0/toolchain/arm/arm-gnu-toolchain/bin/../lib/gcc/arm-none-eabi/6.3.1/thumb/v6-m\libgcc.a(gesf2.o)
                              c:/program files (x86)/atmel/studio/7.0/toolchain/arm/arm-gnu-toolchain/bin/../lib/gcc/arm-none-eabi/6.3.1/thumb/v6-m\libgcc.a(_arm_cmpsf2.o) (__gesf2)
c:/program files (x86)/atmel/studio/7.0/toolchain/arm/arm-gnu-toolchain/bin/../lib/gcc/arm-none-eabi/6.3.1/thumb/v6-m\libgcc.a(lesf2.o)
                              c:/program files (x86)/atmel/studio/7.0/toolchain/arm/arm-gnu-toolchain/bin/../lib/gcc/arm-none-eabi/6.3.1/thumb/v6-m\libgcc.a(_arm_cmpsf2.o) (__lesf2)
c:/program files (x86)/atmel/studio/7.0/toolchain/arm/arm-gnu-toolchain/bin/../lib/gcc/arm-none-eabi/6.3.1/thumb/v6-m\libgcc.a(mulsf3.o)
                              sht40x_driver/sht40x_driver.o (__aeabi_fmul)
c:/program files (x86)/atmel/studio/7.0/toolchain/arm/arm-gnu-toolchain/bin/../lib/gcc/arm-none-eabi/6.3.1/thumb/v6-m\libgcc.a(subsf3.o)
                              main.o (__aeabi_fsub)
c:/program files (x86)/atmel/studio/7.0/toolchain/arm/arm-gnu-toolchain/bin/../lib/gcc/arm-none-eabi/6.3.1/thumb/v6-m\libgcc.a(fixsfsi.o)
                              c:/program files (x86)/atmel/studio/7.0/toolchain/arm/arm-gnu-toolchain/bin/../lib/gcc/arm-none-eabi/6.3.1/thumb/v6-m\libgcc.a(_fixunssfsi.o) (__aeabi_f2iz)
c:/program files (x86)/atmel/studio/7.0/toolchain/arm/arm-gnu-toolchain/bin/../lib/gcc/arm-none-eabi/6.3.1/thumb/v6-m\libgcc.a(floatsisf.o)
                              main.o (__aeabi_i2f)
c:/program files (x86)/atmel/studio/7.0/toolchain/arm/arm-gnu-toolchain/bin/../lib/gcc/arm-none-eabi/6.3.1/thumb/v6-m\libgcc.a(adddf3.o)
                              sht40x_driver/sht40x_driver_basic.o (__aeabi_dadd)
c:/program files (x86)/atmel/studio/7.0/toolchain/arm/arm-gnu-toolchain/bin/../lib/gcc/arm-none-eabi/6.3.1/thumb/v6-m\libgcc.a(divdf3.o)
                              hpl/sercom/hpl_sercom.o (__aeabi_ddiv)
c:/program files (x86)/atmel/studio/7.0/toolchain/arm/arm-gnu-toolchain/bin/../lib/gcc/arm-none-eabi/6.3.1/thumb/v6-m\libgcc.a(muldf3.o)
                              hpl/sercom/hpl_sercom.o (__aeabi_dmul)
[...]
Memory Configuration

Name             Origin             Length             Attributes
rom              0x00000000         0x00040000         xr
ram              0x20000000         0x00008000         xrw
*default*        0x00000000         0xffffffff

Linker script and memory map

LOAD c:/program files (x86)/atmel/studio/7.0/toolchain/arm/arm-gnu-toolchain/bin/../lib/gcc/arm-none-eabi/6.3.1/thumb/v6-m/crti.o
LOAD c:/program files (x86)/atmel/studio/7.0/toolchain/arm/arm-gnu-toolchain/bin/../lib/gcc/arm-none-eabi/6.3.1/thumb/v6-m/crtbegin.o
LOAD c:/program files (x86)/atmel/studio/7.0/toolchain/arm/arm-gnu-toolchain/bin/../lib/gcc/arm-none-eabi/6.3.1/../../../../arm-none-eabi/lib/thumb/v6-m/crt0.o
LOAD atmel_start.o
LOAD Device_Startup/startup_samd21.o
LOAD Device_Startup/system_samd21.o
LOAD driver_init.o
LOAD examples/driver_examples.o
LOAD hal/src/hal_atomic.o
LOAD hal/src/hal_delay.o
LOAD hal/src/hal_gpio.o
LOAD hal/src/hal_i2c_m_sync.o
LOAD hal/src/hal_init.o
LOAD hal/src/hal_io.o
LOAD hal/src/hal_sleep.o
LOAD hal/src/hal_usart_async.o
LOAD hal/utils/src/utils_assert.o
LOAD hal/utils/src/utils_event.o
LOAD hal/utils/src/utils_list.o
LOAD hal/utils/src/utils_ringbuffer.o
LOAD hal/utils/src/utils_syscalls.o
LOAD hpl/core/hpl_core_m0plus_base.o
LOAD hpl/core/hpl_init.o
LOAD hpl/dmac/hpl_dmac.o
LOAD hpl/gclk/hpl_gclk.o
LOAD hpl/pm/hpl_pm.o
LOAD hpl/sercom/hpl_sercom.o
LOAD hpl/sysctrl/hpl_sysctrl.o
LOAD hpl/systick/hpl_systick.o
LOAD main.o
LOAD sht40x_driver/sht40x_driver.o
LOAD sht40x_driver/sht40x_driver_basic.o
LOAD sht40x_driver/sht40x_driver_interface.o
START GROUP
LOAD c:/program files (x86)/atmel/studio/7.0/toolchain/arm/arm-gnu-toolchain/bin/../lib/gcc/arm-none-eabi/6.3.1/../../../../arm-none-eabi/lib/thumb/v6-m\libm.a
END GROUP
START GROUP
LOAD c:/program files (x86)/atmel/studio/7.0/toolchain/arm/arm-gnu-toolchain/bin/../lib/gcc/arm-none-eabi/6.3.1/thumb/v6-m\libgcc.a
LOAD c:/program files (x86)/atmel/studio/7.0/toolchain/arm/arm-gnu-toolchain/bin/../lib/gcc/arm-none-eabi/6.3.1/../../../../arm-none-eabi/lib/thumb/v6-m\libc.a
END GROUP
LOAD c:/program files (x86)/atmel/studio/7.0/toolchain/arm/arm-gnu-toolchain/bin/../lib/gcc/arm-none-eabi/6.3.1/thumb/v6-m/crtend.o
LOAD c:/program files (x86)/atmel/studio/7.0/toolchain/arm/arm-gnu-toolchain/bin/../lib/gcc/arm-none-eabi/6.3.1/thumb/v6-m/crtn.o
                0x00002000                STACK_SIZE = DEFINED (STACK_SIZE)?STACK_SIZE:DEFINED (__stack_size__)?__stack_size__:0x2000

.text           0x00000000     0x6dc4
                0x00000000                . = ALIGN (0x4)
                0x00000000                _sfixed = .
 *(.vectors .vectors.*)
 .vectors       0x00000000       0xb4 Device_Startup/startup_samd21.o
                0x00000000                exception_table
 *(.text .text.* .gnu.linkonce.t.*)
 .text          0x000000b4       0x60 c:/program files (x86)/atmel/studio/7.0/toolchain/arm/arm-gnu-toolchain/bin/../lib/gcc/arm-none-eabi/6.3.1/thumb/v6-m/crtbegin.o
 .text.atmel_start_init
                0x00000114        0xc atmel_start.o
                0x00000114                atmel_start_init
 .text.Dummy_Handler
                0x00000120        0x2 Device_Startup/startup_samd21.o
                0x00000120                SVCall_Handler
                0x00000120                DMAC_Handler
                0x00000120                HardFault_Handler
                0x00000120                AC_Handler
                0x00000120                SysTick_Handler
                0x00000120                PendSV_Handler
                0x00000120                SERCOM1_Handler
                0x00000120                ADC_Handler
                0x00000120                NonMaskableInt_Handler
                0x00000120                TCC1_Handler
                0x00000120                SERCOM2_Handler
                0x00000120                TCC0_Handler
                0x00000120                RTC_Handler
                0x00000120                EIC_Handler
                0x00000120                WDT_Handler
                0x00000120                TC4_Handler
                0x00000120                USB_Handler
                0x00000120                TC3_Handler
                0x00000120                Dummy_Handler
                0x00000120                PM_Handler
                0x00000120                TCC2_Handler
                0x00000120                EVSYS_Handler
                0x00000120                SERCOM3_Handler
                0x00000120                SERCOM4_Handler
                0x00000120                I2S_Handler
                0x00000120                NVMCTRL_Handler
                0x00000120                SERCOM0_Handler
                0x00000120                DAC_Handler
                0x00000120                PTC_Handler
                0x00000120                TC5_Handler
                0x00000120                SYSCTRL_Handler
 *fill*         0x00000122        0x2 
 .text.Reset_Handler
                0x00000124       0xc4 Device_Startup/startup_samd21.o
                0x00000124                Reset_Handler
 .text.I2C_0_PORT_init
                0x000001e8       0x54 driver_init.o
                0x000001e8                I2C_0_PORT_init
 .text.I2C_0_CLOCK_init
                0x0000023c       0x28 driver_init.o
                0x0000023c                I2C_0_CLOCK_init
 .text.I2C_0_init
                0x00000264       0x28 driver_init.o
                0x00000264                I2C_0_init
 .text.USART_0_CLOCK_init
                0x0000028c       0x20 driver_init.o
                0x0000028c                USART_0_CLOCK_init
 .text.USART_0_PORT_init
                0x000002ac       0x44 driver_init.o
                0x000002ac                USART_0_PORT_init
 .text.USART_0_init
                0x000002f0       0x38 driver_init.o
                0x000002f0                USART_0_init
 .text.delay_driver_init
                0x00000328       0x14 driver_init.o
                0x00000328                delay_driver_init
 .text.system_init
                0x0000033c       0x84 driver_init.o
                0x0000033c                system_init
 .text.atomic_enter_critical
                0x000003c0        0xe hal/src/hal_atomic.o
                0x000003c0                atomic_enter_critical
 .text.atomic_leave_critical
                0x000003ce        0xc hal/src/hal_atomic.o
                0x000003ce                atomic_leave_critical
 *fill*         0x000003da        0x2 
 .text.delay_init
                0x000003dc       0x14 hal/src/hal_delay.o
                0x000003dc                delay_init
 .text.delay_ms
                0x000003f0       0x20 hal/src/hal_delay.o
                0x000003f0                delay_ms
 .text.i2c_m_sync_write
                0x00000410       0x34 hal/src/hal_i2c_m_sync.o
 .text.i2c_m_sync_read
                0x00000444       0x34 hal/src/hal_i2c_m_sync.o
 .text.i2c_m_sync_init
                0x00000478       0x40 hal/src/hal_i2c_m_sync.o
                0x00000478                i2c_m_sync_init
 .text.i2c_m_sync_enable
                0x000004b8        0xc hal/src/hal_i2c_m_sync.o
                0x000004b8                i2c_m_sync_enable
 .text.i2c_m_sync_set_slaveaddr
                0x000004c4       0x12 hal/src/hal_i2c_m_sync.o
                0x000004c4                i2c_m_sync_set_slaveaddr
 .text.i2c_m_sync_get_io_descriptor
                0x000004d6        0x8 hal/src/hal_i2c_m_sync.o
                0x000004d6                i2c_m_sync_get_io_descriptor
 *fill*         0x000004de        0x2 
 .text.io_write
                0x000004e0       0x38 hal/src/hal_io.o
                0x000004e0                io_write
 .text.io_read  0x00000518       0x38 hal/src/hal_io.o
                0x00000518                io_read
 .text.usart_transmission_complete
                0x00000550       0x12 hal/src/hal_usart_async.o
 .text.usart_error
                0x00000562       0x12 hal/src/hal_usart_async.o
 .text.usart_fill_rx_buffer
                0x00000574       0x1c hal/src/hal_usart_async.o
 .text.usart_async_write
                0x00000590       0x68 hal/src/hal_usart_async.o
 .text.usart_process_byte_sent
                0x000005f8       0x44 hal/src/hal_usart_async.o
 .text.usart_async_read
                0x0000063c       0x80 hal/src/hal_usart_async.o
 .text.usart_async_init
                0x000006bc       0x9c hal/src/hal_usart_async.o
                0x000006bc                usart_async_init
 .text.usart_async_enable
                0x00000758       0x2c hal/src/hal_usart_async.o
                0x00000758                usart_async_enable
 .text.usart_async_get_io_descriptor
                0x00000784       0x30 hal/src/hal_usart_async.o
                0x00000784                usart_async_get_io_descriptor
 .text.assert   0x000007b4        0x8 hal/utils/src/utils_assert.o
                0x000007b4                assert
 .text.ringbuffer_init
                0x000007bc       0x4c hal/utils/src/utils_ringbuffer.o
                0x000007bc                ringbuffer_init
 .text.ringbuffer_get
                0x00000808       0x4c hal/utils/src/utils_ringbuffer.o
                0x00000808                ringbuffer_get
 .text.ringbuffer_put
                0x00000854       0x40 hal/utils/src/utils_ringbuffer.o
                0x00000854                ringbuffer_put
 .text.ringbuffer_num
                0x00000894       0x24 hal/utils/src/utils_ringbuffer.o
                0x00000894                ringbuffer_num
 .text._sbrk    0x000008b8       0x24 hal/utils/src/utils_syscalls.o
                0x000008b8                _sbrk
 .text._get_cycles_for_ms
                0x000008dc        0xe hpl/core/hpl_core_m0plus_base.o
                0x000008dc                _get_cycles_for_ms
 *fill*         0x000008ea        0x2 
 .text._init_chip
                0x000008ec       0x30 hpl/core/hpl_init.o
                0x000008ec                _init_chip
 .text._gclk_init_generators_by_fref
                0x0000091c       0x20 hpl/gclk/hpl_gclk.o
                0x0000091c                _gclk_init_generators_by_fref
 .text._pm_init
                0x0000093c       0x20 hpl/pm/hpl_pm.o
                0x0000093c                _pm_init
 .text._sercom_get_hardware_index
                0x0000095c       0x10 hpl/sercom/hpl_sercom.o
 .text._sercom_usart_interrupt_handler
                0x0000096c       0x64 hpl/sercom/hpl_sercom.o
 .text._sercom_init_irq_param
                0x000009d0       0x18 hpl/sercom/hpl_sercom.o
 .text._sercom_get_irq_num
                0x000009e8       0x10 hpl/sercom/hpl_sercom.o
 .text._get_sercom_index
                0x000009f8       0x44 hpl/sercom/hpl_sercom.o
 .text._usart_init
                0x00000a3c       0xf0 hpl/sercom/hpl_sercom.o
 .text._get_i2cm_index
                0x00000b2c       0x48 hpl/sercom/hpl_sercom.o
 .text._i2c_m_sync_init_impl
                0x00000b74       0xcc hpl/sercom/hpl_sercom.o
 .text._sercom_i2c_sync_send_address
                0x00000c40      0x270 hpl/sercom/hpl_sercom.o
 .text._usart_async_init
                0x00000eb0       0x8c hpl/sercom/hpl_sercom.o
                0x00000eb0                _usart_async_init
 .text._usart_async_enable
                0x00000f3c       0x12 hpl/sercom/hpl_sercom.o
                0x00000f3c                _usart_async_enable
 .text._usart_async_write_byte
                0x00000f4e        0x8 hpl/sercom/hpl_sercom.o
                0x00000f4e                _usart_async_write_byte
 .text._usart_async_enable_byte_sent_irq
                0x00000f56        0x8 hpl/sercom/hpl_sercom.o
                0x00000f56                _usart_async_enable_byte_sent_irq
 .text._usart_async_enable_tx_done_irq
                0x00000f5e        0x8 hpl/sercom/hpl_sercom.o
                0x00000f5e                _usart_async_enable_tx_done_irq
 *fill*         0x00000f66        0x2 
 .text._i2c_m_sync_init
                0x00000f68       0x30 hpl/sercom/hpl_sercom.o
                0x00000f68                _i2c_m_sync_init
 .text._i2c_m_sync_enable
                0x00000f98       0x80 hpl/sercom/hpl_sercom.o
                0x00000f98                _i2c_m_sync_enable
 .text._i2c_m_sync_transfer
                0x00001018      0x27c hpl/sercom/hpl_sercom.o
                0x00001018                _i2c_m_sync_transfer
 .text.SERCOM5_Handler
                0x00001294       0x14 hpl/sercom/hpl_sercom.o
                0x00001294                SERCOM5_Handler
 .text._sysctrl_init_sources
                0x000012a8       0x44 hpl/sysctrl/hpl_sysctrl.o
                0x000012a8                _sysctrl_init_sources
 .text._sysctrl_init_referenced_generators
                0x000012ec       0x10 hpl/sysctrl/hpl_sysctrl.o
                0x000012ec                _sysctrl_init_referenced_generators
 .text._system_time_init
                0x000012fc       0x14 hpl/systick/hpl_systick.o
                0x000012fc                _system_time_init
 .text._delay_init
                0x00001310        0xc hpl/systick/hpl_systick.o
                0x00001310                _delay_init
 .text._delay_cycles
                0x0000131c       0x40 hpl/systick/hpl_systick.o
                0x0000131c                _delay_cycles
 .text.main     0x0000135c      0x1fc main.o
                0x0000135c                main
 .text.serial_print
                0x00001558       0x38 main.o
                0x00001558                serial_print
 .text.i2c_read_data
                0x00001590       0x4c main.o
                0x00001590                i2c_read_data
 .text.i2c_write_data
                0x000015dc       0x4c main.o
                0x000015dc                i2c_write_data
 .text.a_sht40x_i2c_write
                0x00001628       0x14 sht40x_driver/sht40x_driver.o
                0x00001628                a_sht40x_i2c_write
 .text.a_sht40x_i2c_read
                0x0000163c       0x16 sht40x_driver/sht40x_driver.o
                0x0000163c                a_sht40x_i2c_read
 *fill*         0x00001652        0x2 
 .text.a_sht40x_print_error_msg
                0x00001654       0x10 sht40x_driver/sht40x_driver.o
                0x00001654                a_sht40x_print_error_msg
 .text.sht40x_init
                0x00001664       0x90 sht40x_driver/sht40x_driver.o
                0x00001664                sht40x_init
 .text.sht40x_set_addr
                0x000016f4       0x1a sht40x_driver/sht40x_driver.o
                0x000016f4                sht40x_set_addr
 .text.sht40x_set_variant
                0x0000170e       0x48 sht40x_driver/sht40x_driver.o
                0x0000170e                sht40x_set_variant
 *fill*         0x00001756        0x2 
 .text.sht40x_get_temp_rh
                0x00001758      0x188 sht40x_driver/sht40x_driver.o
                0x00001758                sht40x_get_temp_rh
 .text.sht40x_get_serial_number
                0x000018e0       0x9c sht40x_driver/sht40x_driver.o
                0x000018e0                sht40x_get_serial_number
 .text.sht40x_activate_heater
                0x0000197c      0x1a4 sht40x_driver/sht40x_driver.o
                0x0000197c                sht40x_activate_heater
 .text.sht40x_info
                0x00001b20       0x78 sht40x_driver/sht40x_driver.o
                0x00001b20                sht40x_info
 .text.sht40x_basic_initialize
                0x00001b98       0xdc sht40x_driver/sht40x_driver_basic.o
                0x00001b98                sht40x_basic_initialize
 .text.sht40x_basic_get_temp_rh
                0x00001c74       0x30 sht40x_driver/sht40x_driver_basic.o
                0x00001c74                sht40x_basic_get_temp_rh
 .text.sht40x_basic_get_temp_humidity_nSample
                0x00001ca4       0xec sht40x_driver/sht40x_driver_basic.o
                0x00001ca4                sht40x_basic_get_temp_humidity_nSample
 .text.sht40x_basic_get_serial_number
                0x00001d90       0x2c sht40x_driver/sht40x_driver_basic.o
                0x00001d90                sht40x_basic_get_serial_number
 .text.sht40x_basic_activate_heater
                0x00001dbc       0x30 sht40x_driver/sht40x_driver_basic.o
                0x00001dbc                sht40x_basic_activate_heater
 .text.sht40x_interface_i2c_init
                0x00001dec        0x4 sht40x_driver/sht40x_driver_interface.o
                0x00001dec                sht40x_interface_i2c_init
 .text.sht40x_interface_i2c_deinit
                0x00001df0        0x4 sht40x_driver/sht40x_driver_interface.o
                0x00001df0                sht40x_interface_i2c_deinit
 .text.sht40x_interface_i2c_read
                0x00001df4       0x10 sht40x_driver/sht40x_driver_interface.o
                0x00001df4                sht40x_interface_i2c_read
 .text.sht40x_interface_i2c_write
                0x00001e04       0x10 sht40x_driver/sht40x_driver_interface.o
                0x00001e04                sht40x_interface_i2c_write
 .text.sht40x_interface_delay_ms
                0x00001e14        0xc sht40x_driver/sht40x_driver_interface.o
                0x00001e14                sht40x_interface_delay_ms
 .text.sht40x_interface_debug_print
                0x00001e20       0x60 sht40x_driver/sht40x_driver_interface.o
                0x00001e20                sht40x_interface_debug_print
 .text          0x00001e80      0x114 c:/program files (x86)/atmel/studio/7.0/toolchain/arm/arm-gnu-toolchain/bin/../lib/gcc/arm-none-eabi/6.3.1/thumb/v6-m\libgcc.a(_udivsi3.o)
                0x00001e80                __aeabi_uidiv
                0x00001e80                __udivsi3
                0x00001f8c                __aeabi_uidivmod
 .text          0x00001f94        0x4 c:/program files (x86)/atmel/studio/7.0/toolchain/arm/arm-gnu-toolchain/bin/../lib/gcc/arm-none-eabi/6.3.1/thumb/v6-m\libgcc.a(_dvmd_tls.o)
                0x00001f94                __aeabi_idiv0
                0x00001f94                __aeabi_ldiv0
 .text          0x00001f98       0x74 c:/program files (x86)/atmel/studio/7.0/toolchain/arm/arm-gnu-toolchain/bin/../lib/gcc/arm-none-eabi/6.3.1/thumb/v6-m\libgcc.a(_arm_cmpsf2.o)
                0x00001f98                __aeabi_cfrcmple
                0x00001fa0                __aeabi_cfcmpeq
                0x00001fa0                __aeabi_cfcmple
                0x00001fb0                __aeabi_fcmpeq
                0x00001fbc                __aeabi_fcmplt
                0x00001fd0                __aeabi_fcmple
                0x00001fe4                __aeabi_fcmpgt
                0x00001ff8                __aeabi_fcmpge
 .text          0x0000200c       0x40 c:/program files (x86)/atmel/studio/7.0/toolchain/arm/arm-gnu-toolchain/bin/../lib/gcc/arm-none-eabi/6.3.1/thumb/v6-m\libgcc.a(_aeabi_uldivmod.o)
                0x0000200c                __aeabi_uldivmod
 .text          0x0000204c       0x30 c:/program files (x86)/atmel/studio/7.0/toolchain/arm/arm-gnu-toolchain/bin/../lib/gcc/arm-none-eabi/6.3.1/thumb/v6-m\libgcc.a(_fixunssfsi.o)
                0x0000204c                __fixunssfsi
                0x0000204c                __aeabi_f2uiz
 .text          0x0000207c      0x180 c:/program files (x86)/atmel/studio/7.0/toolchain/arm/arm-gnu-toolchain/bin/../lib/gcc/arm-none-eabi/6.3.1/thumb/v6-m\libgcc.a(_udivmoddi4.o)
                0x0000207c                __udivmoddi4
 .text          0x000021fc      0x324 c:/program files (x86)/atmel/studio/7.0/toolchain/arm/arm-gnu-toolchain/bin/../lib/gcc/arm-none-eabi/6.3.1/thumb/v6-m\libgcc.a(addsf3.o)
                0x000021fc                __aeabi_fadd
 .text          0x00002520      0x290 c:/program files (x86)/atmel/studio/7.0/toolchain/arm/arm-gnu-toolchain/bin/../lib/gcc/arm-none-eabi/6.3.1/thumb/v6-m\libgcc.a(divsf3.o)
                0x00002520                __aeabi_fdiv
 .text          0x000027b0       0x4c c:/program files (x86)/atmel/studio/7.0/toolchain/arm/arm-gnu-toolchain/bin/../lib/gcc/arm-none-eabi/6.3.1/thumb/v6-m\libgcc.a(eqsf2.o)
                0x000027b0                __eqsf2
                0x000027b0                __nesf2
 .text          0x000027fc       0x80 c:/program files (x86)/atmel/studio/7.0/toolchain/arm/arm-gnu-toolchain/bin/../lib/gcc/arm-none-eabi/6.3.1/thumb/v6-m\libgcc.a(gesf2.o)
                0x000027fc                __gesf2
                0x000027fc                __gtsf2
 .text          0x0000287c       0x84 c:/program files (x86)/atmel/studio/7.0/toolchain/arm/arm-gnu-toolchain/bin/../lib/gcc/arm-none-eabi/6.3.1/thumb/v6-m\libgcc.a(lesf2.o)
                0x0000287c                __ltsf2
                0x0000287c                __lesf2
 .text          0x00002900      0x240 c:/program files (x86)/atmel/studio/7.0/toolchain/arm/arm-gnu-toolchain/bin/../lib/gcc/arm-none-eabi/6.3.1/thumb/v6-m\libgcc.a(mulsf3.o)
                0x00002900                __aeabi_fmul
 .text          0x00002b40      0x338 c:/program files (x86)/atmel/studio/7.0/toolchain/arm/arm-gnu-toolchain/bin/../lib/gcc/arm-none-eabi/6.3.1/thumb/v6-m\libgcc.a(subsf3.o)
                0x00002b40                __aeabi_fsub
 .text          0x00002e78       0x40 c:/program files (x86)/atmel/studio/7.0/toolchain/arm/arm-gnu-toolchain/bin/../lib/gcc/arm-none-eabi/6.3.1/thumb/v6-m\libgcc.a(fixsfsi.o)
                0x00002e78                __aeabi_f2iz
 .text          0x00002eb8       0xa0 c:/program files (x86)/atmel/studio/7.0/toolchain/arm/arm-gnu-toolchain/bin/../lib/gcc/arm-none-eabi/6.3.1/thumb/v6-m\libgcc.a(floatsisf.o)
                0x00002eb8                __aeabi_i2f
 .text          0x00002f58      0x620 c:/program files (x86)/atmel/studio/7.0/toolchain/arm/arm-gnu-toolchain/bin/../lib/gcc/arm-none-eabi/6.3.1/thumb/v6-m\libgcc.a(adddf3.o)
                0x00002f58                __aeabi_dadd
 .text          0x00003578      0x668 c:/program files (x86)/atmel/studio/7.0/toolchain/arm/arm-gnu-toolchain/bin/../lib/gcc/arm-none-eabi/6.3.1/thumb/v6-m\libgcc.a(divdf3.o)
                0x00003578                __aeabi_ddiv
 .text          0x00003be0      0x500 c:/program files (x86)/atmel/studio/7.0/toolchain/arm/arm-gnu-toolchain/bin/../lib/gcc/arm-none-eabi/6.3.1/thumb/v6-m\libgcc.a(muldf3.o)
                0x00003be0                __aeabi_dmul
 .text          0x000040e0      0x62c c:/program files (x86)/atmel/studio/7.0/toolchain/arm/arm-gnu-toolchain/bin/../lib/gcc/arm-none-eabi/6.3.1/thumb/v6-m\libgcc.a(subdf3.o)
                0x000040e0                __aeabi_dsub
 .text          0x0000470c       0x84 c:/program files (x86)/atmel/studio/7.0/toolchain/arm/arm-gnu-toolchain/bin/../lib/gcc/arm-none-eabi/6.3.1/thumb/v6-m\libgcc.a(floatsidf.o)
                0x0000470c                __aeabi_i2d
 .text          0x00004790       0xa4 c:/program files (x86)/atmel/studio/7.0/toolchain/arm/arm-gnu-toolchain/bin/../lib/gcc/arm-none-eabi/6.3.1/thumb/v6-m\libgcc.a(extendsfdf2.o)
                0x00004790                __aeabi_f2d
 .text          0x00004834      0x114 c:/program files (x86)/atmel/studio/7.0/toolchain/arm/arm-gnu-toolchain/bin/../lib/gcc/arm-none-eabi/6.3.1/thumb/v6-m\libgcc.a(truncdfsf2.o)
                0x00004834                __aeabi_d2f
 .text          0x00004948       0x3c c:/program files (x86)/atmel/studio/7.0/toolchain/arm/arm-gnu-toolchain/bin/../lib/gcc/arm-none-eabi/6.3.1/thumb/v6-m\libgcc.a(_clzsi2.o)
                0x00004948                __clzsi2
 .text          0x00004984       0x18 c:/program files (x86)/atmel/studio/7.0/toolchain/arm/arm-gnu-toolchain/bin/../lib/gcc/arm-none-eabi/6.3.1/thumb/v6-m\libgcc.a(_clzdi2.o)
                0x00004984                __clzdi2
 .text.__libc_init_array
                0x0000499c       0x48 c:/program files (x86)/atmel/studio/7.0/toolchain/arm/arm-gnu-toolchain/bin/../lib/gcc/arm-none-eabi/6.3.1/../../../../arm-none-eabi/lib/thumb/v6-m\libc.a(lib_a-init.o)
                0x0000499c                __libc_init_array
 .text.memcpy   0x000049e4       0x84 c:/program files (x86)/atmel/studio/7.0/toolchain/arm/arm-gnu-toolchain/bin/../lib/gcc/arm-none-eabi/6.3.1/../../../../arm-none-eabi/lib/thumb/v6-m\libc.a(lib_a-memcpy-stub.o)
                0x000049e4                memcpy
 .text.memset   0x00004a68       0x94 c:/program files (x86)/atmel/studio/7.0/toolchain/arm/arm-gnu-toolchain/bin/../lib/gcc/arm-none-eabi/6.3.1/../../../../arm-none-eabi/lib/thumb/v6-m\libc.a(lib_a-memset.o)
                0x00004a68                memset
 .text.strlen   0x00004afc       0x64 c:/program files (x86)/atmel/studio/7.0/toolchain/arm/arm-gnu-toolchain/bin/../lib/gcc/arm-none-eabi/6.3.1/../../../../arm-none-eabi/lib/thumb/v6-m\libc.a(lib_a-strlen-stub.o)
                0x00004afc                strlen
 .text.strncpy  0x00004b60       0x78 c:/program files (x86)/atmel/studio/7.0/toolchain/arm/arm-gnu-toolchain/bin/../lib/gcc/arm-none-eabi/6.3.1/../../../../arm-none-eabi/lib/thumb/v6-m\libc.a(lib_a-strncpy.o)
                0x00004b60                strncpy
 .text._vsniprintf_r
                0x00004bd8       0x74 c:/program files (x86)/atmel/studio/7.0/toolchain/arm/arm-gnu-toolchain/bin/../lib/gcc/arm-none-eabi/6.3.1/../../../../arm-none-eabi/lib/thumb/v6-m\libc.a(lib_a-vsniprintf.o)
                0x00004bd8                _vsniprintf_r
 .text.vsniprintf
                0x00004c4c       0x20 c:/program files (x86)/atmel/studio/7.0/toolchain/arm/arm-gnu-toolchain/bin/../lib/gcc/arm-none-eabi/6.3.1/../../../../arm-none-eabi/lib/thumb/v6-m\libc.a(lib_a-vsniprintf.o)
                0x00004c4c                vsniprintf
 .text.startup.register_fini
                0x00004c6c       0x18 c:/program files (x86)/atmel/studio/7.0/toolchain/arm/arm-gnu-toolchain/bin/../lib/gcc/arm-none-eabi/6.3.1/../../../../arm-none-eabi/lib/thumb/v6-m\libc.a(lib_a-__call_atexit.o)
 .text.atexit   0x00004c84       0x10 c:/program files (x86)/atmel/studio/7.0/toolchain/arm/arm-gnu-toolchain/bin/../lib/gcc/arm-none-eabi/6.3.1/../../../../arm-none-eabi/lib/thumb/v6-m\libc.a(lib_a-atexit.o)
                0x00004c84                atexit
 .text.__libc_fini_array
                0x00004c94       0x34 c:/program files (x86)/atmel/studio/7.0/toolchain/arm/arm-gnu-toolchain/bin/../lib/gcc/arm-none-eabi/6.3.1/../../../../arm-none-eabi/lib/thumb/v6-m\libc.a(lib_a-fini.o)
                0x00004c94                __libc_fini_array
 .text._malloc_trim_r
                0x00004cc8       0xa0 c:/program files (x86)/atmel/studio/7.0/toolchain/arm/arm-gnu-toolchain/bin/../lib/gcc/arm-none-eabi/6.3.1/../../../../arm-none-eabi/lib/thumb/v6-m\libc.a(lib_a-freer.o)
                0x00004cc8                _malloc_trim_r
 .text._free_r  0x00004d68      0x1bc c:/program files (x86)/atmel/studio/7.0/toolchain/arm/arm-gnu-toolchain/bin/../lib/gcc/arm-none-eabi/6.3.1/../../../../arm-none-eabi/lib/thumb/v6-m\libc.a(lib_a-freer.o)
                0x00004d68                _free_r
 .text.__retarget_lock_acquire_recursive
                0x00004f24        0x4 c:/program files (x86)/atmel/studio/7.0/toolchain/arm/arm-gnu-toolchain/bin/../lib/gcc/arm-none-eabi/6.3.1/../../../../arm-none-eabi/lib/thumb/v6-m\libc.a(lib_a-lock.o)
                0x00004f24                __retarget_lock_acquire_recursive
 .text.__retarget_lock_release_recursive
                0x00004f28        0x4 c:/program files (x86)/atmel/studio/7.0/toolchain/arm/arm-gnu-toolchain/bin/../lib/gcc/arm-none-eabi/6.3.1/../../../../arm-none-eabi/lib/thumb/v6-m\libc.a(lib_a-lock.o)
                0x00004f28                __retarget_lock_release_recursive
 .text._malloc_r
                0x00004f2c      0x568 c:/program files (x86)/atmel/studio/7.0/toolchain/arm/arm-gnu-toolchain/bin/../lib/gcc/arm-none-eabi/6.3.1/../../../../arm-none-eabi/lib/thumb/v6-m\libc.a(lib_a-mallocr.o)
                0x00004f2c                _malloc_r
 .text.memchr   0x00005494       0x80 c:/program files (x86)/atmel/studio/7.0/toolchain/arm/arm-gnu-toolchain/bin/../lib/gcc/arm-none-eabi/6.3.1/../../../../arm-none-eabi/lib/thumb/v6-m\libc.a(lib_a-memchr-stub.o)
                0x00005494                memchr
 .text.__malloc_lock
                0x00005514       0x10 c:/program files (x86)/atmel/studio/7.0/toolchain/arm/arm-gnu-toolchain/bin/../lib/gcc/arm-none-eabi/6.3.1/../../../../arm-none-eabi/lib/thumb/v6-m\libc.a(lib_a-mlock.o)
                0x00005514                __malloc_lock
 .text.__malloc_unlock
                0x00005524       0x10 c:/program files (x86)/atmel/studio/7.0/toolchain/arm/arm-gnu-toolchain/bin/../lib/gcc/arm-none-eabi/6.3.1/../../../../arm-none-eabi/lib/thumb/v6-m\libc.a(lib_a-mlock.o)
                0x00005524                __malloc_unlock
 .text._sbrk_r  0x00005534       0x24 c:/program files (x86)/atmel/studio/7.0/toolchain/arm/arm-gnu-toolchain/bin/../lib/gcc/arm-none-eabi/6.3.1/../../../../arm-none-eabi/lib/thumb/v6-m\libc.a(lib_a-sbrkr.o)
                0x00005534                _sbrk_r
 .text.__ssprint_r
                0x00005558      0x120 c:/program files (x86)/atmel/studio/7.0/toolchain/arm/arm-gnu-toolchain/bin/../lib/gcc/arm-none-eabi/6.3.1/../../../../arm-none-eabi/lib/thumb/v6-m\libc.a(lib_a-svfiprintf.o)
                0x00005558                __ssprint_r
 .text._svfiprintf_r
                0x00005678      0xa80 c:/program files (x86)/atmel/studio/7.0/toolchain/arm/arm-gnu-toolchain/bin/../lib/gcc/arm-none-eabi/6.3.1/../../../../arm-none-eabi/lib/thumb/v6-m\libc.a(lib_a-svfiprintf.o)
                0x00005678                _svfiprintf_r
 .text.__register_exitproc
                0x000060f8       0xf4 c:/program files (x86)/atmel/studio/7.0/toolchain/arm/arm-gnu-toolchain/bin/../lib/gcc/arm-none-eabi/6.3.1/../../../../arm-none-eabi/lib/thumb/v6-m\libc.a(lib_a-__atexit.o)
                0x000060f8                __register_exitproc
 .text.memmove  0x000061ec       0xa0 c:/program files (x86)/atmel/studio/7.0/toolchain/arm/arm-gnu-toolchain/bin/../lib/gcc/arm-none-eabi/6.3.1/../../../../arm-none-eabi/lib/thumb/v6-m\libc.a(lib_a-memmove.o)
                0x000061ec                memmove
 .text._realloc_r
                0x0000628c      0x37c c:/program files (x86)/atmel/studio/7.0/toolchain/arm/arm-gnu-toolchain/bin/../lib/gcc/arm-none-eabi/6.3.1/../../../../arm-none-eabi/lib/thumb/v6-m\libc.a(lib_a-reallocr.o)
                0x0000628c                _realloc_r
 *(.glue_7t)
 .glue_7t       0x00006608        0x0 linker stubs
 *(.glue_7)
 .glue_7        0x00006608        0x0 linker stubs
 *(.rodata .rodata* .gnu.linkonce.r.*)
 .rodata.str1.4
                0x00006608       0x1c hal/src/hal_i2c_m_sync.o
 .rodata.str1.4
                0x00006624       0x14 hal/src/hal_io.o
 .rodata.str1.4
                0x00006638       0x1d hal/src/hal_usart_async.o
 *fill*         0x00006655        0x3 
 .rodata.str1.4
                0x00006658       0x24 hal/utils/src/utils_ringbuffer.o
 .rodata        0x0000667c       0x4d hpl/sercom/hpl_sercom.o
 *fill*         0x000066c9        0x3 
 .rodata.str1.4
                0x000066cc       0x1b hpl/sercom/hpl_sercom.o
 *fill*         0x000066e7        0x1 
 .rodata.str1.4
                0x000066e8      0x1a3 main.o
 *fill*         0x0000688b        0x1 
 .rodata        0x0000688c        0xa sht40x_driver/sht40x_driver.o
 *fill*         0x00006896        0x2 
 .rodata.str1.4
                0x00006898      0x172 sht40x_driver/sht40x_driver.o
 *fill*         0x00006a0a        0x2 
 .rodata.str1.4
                0x00006a0c       0x9c sht40x_driver/sht40x_driver_basic.o
                                 0xb0 (size before relaxing)
 .rodata        0x00006aa8       0x80 c:/program files (x86)/atmel/studio/7.0/toolchain/arm/arm-gnu-toolchain/bin/../lib/gcc/arm-none-eabi/6.3.1/thumb/v6-m\libgcc.a(divsf3.o)
 .rodata        0x00006b28       0x40 c:/program files (x86)/atmel/studio/7.0/toolchain/arm/arm-gnu-toolchain/bin/../lib/gcc/arm-none-eabi/6.3.1/thumb/v6-m\libgcc.a(mulsf3.o)
 .rodata        0x00006b68       0x40 c:/program files (x86)/atmel/studio/7.0/toolchain/arm/arm-gnu-toolchain/bin/../lib/gcc/arm-none-eabi/6.3.1/thumb/v6-m\libgcc.a(divdf3.o)
 .rodata        0x00006ba8       0x40 c:/program files (x86)/atmel/studio/7.0/toolchain/arm/arm-gnu-toolchain/bin/../lib/gcc/arm-none-eabi/6.3.1/thumb/v6-m\libgcc.a(muldf3.o)
 .rodata._global_impure_ptr
                0x00006be8        0x4 c:/program files (x86)/atmel/studio/7.0/toolchain/arm/arm-gnu-toolchain/bin/../lib/gcc/arm-none-eabi/6.3.1/../../../../arm-none-eabi/lib/thumb/v6-m\libc.a(lib_a-impure.o)
                0x00006be8                _global_impure_ptr
 .rodata._svfiprintf_r
                0x00006bec      0x164 c:/program files (x86)/atmel/studio/7.0/toolchain/arm/arm-gnu-toolchain/bin/../lib/gcc/arm-none-eabi/6.3.1/../../../../arm-none-eabi/lib/thumb/v6-m\libc.a(lib_a-svfiprintf.o)
 .rodata._svfiprintf_r.str1.4
                0x00006d50       0x30 c:/program files (x86)/atmel/studio/7.0/toolchain/arm/arm-gnu-toolchain/bin/../lib/gcc/arm-none-eabi/6.3.1/../../../../arm-none-eabi/lib/thumb/v6-m\libc.a(lib_a-svfiprintf.o)
                                 0x2f (size before relaxing)
 .rodata.blanks.7203
                0x00006d80       0x10 c:/program files (x86)/atmel/studio/7.0/toolchain/arm/arm-gnu-toolchain/bin/../lib/gcc/arm-none-eabi/6.3.1/../../../../arm-none-eabi/lib/thumb/v6-m\libc.a(lib_a-svfiprintf.o)
 .rodata.zeroes.7204
                0x00006d90       0x10 c:/program files (x86)/atmel/studio/7.0/toolchain/arm/arm-gnu-toolchain/bin/../lib/gcc/arm-none-eabi/6.3.1/../../../../arm-none-eabi/lib/thumb/v6-m\libc.a(lib_a-svfiprintf.o)
 *(.ARM.extab* .gnu.linkonce.armextab.*)
                0x00006da0                . = ALIGN (0x4)
 *(.init)
 .init          0x00006da0        0x4 c:/program files (x86)/atmel/studio/7.0/toolchain/arm/arm-gnu-toolchain/bin/../lib/gcc/arm-none-eabi/6.3.1/thumb/v6-m/crti.o
                0x00006da0                _init
 .init          0x00006da4        0x8 c:/program files (x86)/atmel/studio/7.0/toolchain/arm/arm-gnu-toolchain/bin/../lib/gcc/arm-none-eabi/6.3.1/thumb/v6-m/crtn.o
                0x00006dac                . = ALIGN (0x4)
                0x00006dac                __preinit_array_start = .
 *(.preinit_array)
                0x00006dac                __preinit_array_end = .
                0x00006dac                . = ALIGN (0x4)
                0x00006dac                __init_array_start = .
 *(SORT(.init_array.*))
 .init_array.00000
                0x00006dac        0x4 c:/program files (x86)/atmel/studio/7.0/toolchain/arm/arm-gnu-toolchain/bin/../lib/gcc/arm-none-eabi/6.3.1/../../../../arm-none-eabi/lib/thumb/v6-m\libc.a(lib_a-__call_atexit.o)
 *(.init_array)
 .init_array    0x00006db0        0x4 c:/program files (x86)/atmel/studio/7.0/toolchain/arm/arm-gnu-toolchain/bin/../lib/gcc/arm-none-eabi/6.3.1/thumb/v6-m/crtbegin.o
                0x00006db4                __init_array_end = .
                0x00006db4                . = ALIGN (0x4)
 *crtbegin.o(.ctors)
 *(EXCLUDE_FILE(*crtend.o) .ctors)
 *(SORT(.ctors.*))
 *crtend.o(.ctors)
                0x00006db4                . = ALIGN (0x4)
 *(.fini)
 .fini          0x00006db4        0x4 c:/program files (x86)/atmel/studio/7.0/toolchain/arm/arm-gnu-toolchain/bin/../lib/gcc/arm-none-eabi/6.3.1/thumb/v6-m/crti.o
                0x00006db4                _fini
 .fini          0x00006db8        0x8 c:/program files (x86)/atmel/studio/7.0/toolchain/arm/arm-gnu-toolchain/bin/../lib/gcc/arm-none-eabi/6.3.1/thumb/v6-m/crtn.o
                0x00006dc0                . = ALIGN (0x4)
                0x00006dc0                __fini_array_start = .
 *(.fini_array)
 .fini_array    0x00006dc0        0x4 c:/program files (x86)/atmel/studio/7.0/toolchain/arm/arm-gnu-toolchain/bin/../lib/gcc/arm-none-eabi/6.3.1/thumb/v6-m/crtbegin.o
 *(SORT(.fini_array.*))
                0x00006dc4                __fini_array_end = .
 *crtbegin.o(.dtors)
 *(EXCLUDE_FILE(*crtend.o) .dtors)
 *(SORT(.dtors.*))
 *crtend.o(.dtors)
                0x00006dc4                . = ALIGN (0x4)
                0x00006dc4                _efixed = .
                [!provide]                PROVIDE (__exidx_start, .)

.vfp11_veneer   0x00006dc4        0x0
 .vfp11_veneer  0x00006dc4        0x0 linker stubs

.v4_bx          0x00006dc4        0x0
 .v4_bx         0x00006dc4        0x0 linker stubs

.iplt           0x00006dc4        0x0
 .iplt          0x00006dc4        0x0 c:/program files (x86)/atmel/studio/7.0/toolchain/arm/arm-gnu-toolchain/bin/../lib/gcc/arm-none-eabi/6.3.1/thumb/v6-m/crtbegin.o

.ARM.exidx      0x00006dc4        0x8
 *(.ARM.exidx* .gnu.linkonce.armexidx.*)
 .ARM.exidx     0x00006dc4        0x8 c:/program files (x86)/atmel/studio/7.0/toolchain/arm/arm-gnu-toolchain/bin/../lib/gcc/arm-none-eabi/6.3.1/thumb/v6-m\libgcc.a(_udivmoddi4.o)
                [!provide]                PROVIDE (__exidx_end, .)

.eh_frame       0x00006dcc        0x0
 .eh_frame      0x00006dcc        0x0 c:/program files (x86)/atmel/studio/7.0/toolchain/arm/arm-gnu-toolchain/bin/../lib/gcc/arm-none-eabi/6.3.1/thumb/v6-m/crtbegin.o

.rel.dyn        0x00006dcc        0x0
 .rel.iplt      0x00006dcc        0x0 c:/program files (x86)/atmel/studio/7.0/toolchain/arm/arm-gnu-toolchain/bin/../lib/gcc/arm-none-eabi/6.3.1/thumb/v6-m/crtbegin.o

.jcr            0x00006dcc        0x0
 .jcr           0x00006dcc        0x0 c:/program files (x86)/atmel/studio/7.0/toolchain/arm/arm-gnu-toolchain/bin/../lib/gcc/arm-none-eabi/6.3.1/thumb/v6-m/crtbegin.o

.igot.plt       0x00006dcc        0x0
 .igot.plt      0x00006dcc        0x0 c:/program files (x86)/atmel/studio/7.0/toolchain/arm/arm-gnu-toolchain/bin/../lib/gcc/arm-none-eabi/6.3.1/thumb/v6-m/crtbegin.o
                0x00006dcc                . = ALIGN (0x4)
                0x00006dcc                _etext = .

.relocate       0x20000000      0x844 load address 0x00006dcc
                0x20000000                . = ALIGN (0x4)
                0x20000000                _srelocate = .
 *(.ramfunc .ramfunc.*)
 *(.data .data.*)
 .data          0x20000000        0x1 main.o
                0x20000000                NumberSamples
 *fill*         0x20000001        0x3 
 .data._impure_ptr
                0x20000004        0x4 c:/program files (x86)/atmel/studio/7.0/toolchain/arm/arm-gnu-toolchain/bin/../lib/gcc/arm-none-eabi/6.3.1/../../../../arm-none-eabi/lib/thumb/v6-m\libc.a(lib_a-impure.o)
                0x20000004                _impure_ptr
 .data.impure_data
                0x20000008      0x428 c:/program files (x86)/atmel/studio/7.0/toolchain/arm/arm-gnu-toolchain/bin/../lib/gcc/arm-none-eabi/6.3.1/../../../../arm-none-eabi/lib/thumb/v6-m\libc.a(lib_a-impure.o)
 .data.__atexit_recursive_mutex
                0x20000430        0x4 c:/program files (x86)/atmel/studio/7.0/toolchain/arm/arm-gnu-toolchain/bin/../lib/gcc/arm-none-eabi/6.3.1/../../../../arm-none-eabi/lib/thumb/v6-m\libc.a(lib_a-__call_atexit.o)
                0x20000430                __atexit_recursive_mutex
 .data.__malloc_av_
                0x20000434      0x408 c:/program files (x86)/atmel/studio/7.0/toolchain/arm/arm-gnu-toolchain/bin/../lib/gcc/arm-none-eabi/6.3.1/../../../../arm-none-eabi/lib/thumb/v6-m\libc.a(lib_a-mallocr.o)
                0x20000434                __malloc_av_
 .data.__malloc_sbrk_base
                0x2000083c        0x4 c:/program files (x86)/atmel/studio/7.0/toolchain/arm/arm-gnu-toolchain/bin/../lib/gcc/arm-none-eabi/6.3.1/../../../../arm-none-eabi/lib/thumb/v6-m\libc.a(lib_a-mallocr.o)
                0x2000083c                __malloc_sbrk_base
 .data.__malloc_trim_threshold
                0x20000840        0x4 c:/program files (x86)/atmel/studio/7.0/toolchain/arm/arm-gnu-toolchain/bin/../lib/gcc/arm-none-eabi/6.3.1/../../../../arm-none-eabi/lib/thumb/v6-m\libc.a(lib_a-mallocr.o)
                0x20000840                __malloc_trim_threshold
                0x20000844                . = ALIGN (0x4)
                0x20000844                _erelocate = .

.bss            0x20000844      0x184 load address 0x00007610
                0x20000844                . = ALIGN (0x4)
                0x20000844                _sbss = .
                0x20000844                _szero = .
 *(.bss .bss.*)
 .bss           0x20000844       0x1c c:/program files (x86)/atmel/studio/7.0/toolchain/arm/arm-gnu-toolchain/bin/../lib/gcc/arm-none-eabi/6.3.1/thumb/v6-m/crtbegin.o
 .bss           0x20000860       0x10 driver_init.o
 .bss           0x20000870        0x4 hal/src/hal_delay.o
 .bss           0x20000874        0x4 hal/utils/src/utils_syscalls.o
 .bss           0x20000878        0x4 hpl/sercom/hpl_sercom.o
 .bss           0x2000087c        0x4 sht40x_driver/sht40x_driver.o
 .bss           0x20000880       0x1c sht40x_driver/sht40x_driver_basic.o
 .bss.__malloc_current_mallinfo
                0x2000089c       0x28 c:/program files (x86)/atmel/studio/7.0/toolchain/arm/arm-gnu-toolchain/bin/../lib/gcc/arm-none-eabi/6.3.1/../../../../arm-none-eabi/lib/thumb/v6-m\libc.a(lib_a-mallocr.o)
                0x2000089c                __malloc_current_mallinfo
 .bss.__malloc_max_sbrked_mem
                0x200008c4        0x4 c:/program files (x86)/atmel/studio/7.0/toolchain/arm/arm-gnu-toolchain/bin/../lib/gcc/arm-none-eabi/6.3.1/../../../../arm-none-eabi/lib/thumb/v6-m\libc.a(lib_a-mallocr.o)
                0x200008c4                __malloc_max_sbrked_mem
 .bss.__malloc_max_total_mem
                0x200008c8        0x4 c:/program files (x86)/atmel/studio/7.0/toolchain/arm/arm-gnu-toolchain/bin/../lib/gcc/arm-none-eabi/6.3.1/../../../../arm-none-eabi/lib/thumb/v6-m\libc.a(lib_a-mallocr.o)
                0x200008c8                __malloc_max_total_mem
 .bss.__malloc_top_pad
                0x200008cc        0x4 c:/program files (x86)/atmel/studio/7.0/toolchain/arm/arm-gnu-toolchain/bin/../lib/gcc/arm-none-eabi/6.3.1/../../../../arm-none-eabi/lib/thumb/v6-m\libc.a(lib_a-mallocr.o)
                0x200008cc                __malloc_top_pad
 *(COMMON)
 COMMON         0x200008d0       0x70 driver_init.o
                0x200008d0                USART_0
                0x20000920                I2C_0
 COMMON         0x20000940       0x60 main.o
                0x20000940                deviceAdd
                0x20000944                dataRead
                0x20000954                UID
                0x20000958                err
                0x2000095c                variant
                0x20000960                sht40xInfo
 COMMON         0x200009a0       0x21 c:/program files (x86)/atmel/studio/7.0/toolchain/arm/arm-gnu-toolchain/bin/../lib/gcc/arm-none-eabi/6.3.1/../../../../arm-none-eabi/lib/thumb/v6-m\libc.a(lib_a-lock.o)
                0x200009a0                __lock___atexit_recursive_mutex
                0x200009a4                __lock___arc4random_mutex
                0x200009a8                __lock___env_recursive_mutex
                0x200009ac                __lock___sinit_recursive_mutex
                0x200009b0                __lock___malloc_recursive_mutex
                0x200009b4                __lock___at_quick_exit_mutex
                0x200009b8                __lock___dd_hash_mutex
                0x200009bc                __lock___tz_mutex
                0x200009c0                __lock___sfp_recursive_mutex
 *fill*         0x200009c1        0x3 
 COMMON         0x200009c4        0x4 c:/program files (x86)/atmel/studio/7.0/toolchain/arm/arm-gnu-toolchain/bin/../lib/gcc/arm-none-eabi/6.3.1/../../../../arm-none-eabi/lib/thumb/v6-m\libc.a(lib_a-reent.o)
                0x200009c4                errno
                0x200009c8                . = ALIGN (0x4)
                0x200009c8                _ebss = .
                0x200009c8                _ezero = .

.stack          0x200009c8     0x2000 load address 0x00007794
                0x200009c8                . = ALIGN (0x8)
                0x200009c8                _sstack = .
                0x200029c8                . = (. + STACK_SIZE)
 *fill*         0x200009c8     0x2000 
                0x200029c8                . = ALIGN (0x8)
                0x200029c8                _estack = .
                0x200029c8                . = ALIGN (0x4)
                0x200029c8                _end = .
OUTPUT(sht40x_Temp_humidity.elf elf32-littlearm)

.ARM.attributes
                0x00000000       0x28
 .ARM.attributes
                0x00000000       0x1e c:/program files (x86)/atmel/studio/7.0/toolchain/arm/arm-gnu-toolchain/bin/../lib/gcc/arm-none-eabi/6.3.1/thumb/v6-m/crti.o
 .ARM.attributes
                0x0000001e       0x2c c:/program files (x86)/atmel/studio/7.0/toolchain/arm/arm-gnu-toolchain/bin/../lib/gcc/arm-none-eabi/6.3.1/thumb/v6-m/crtbegin.o
 .ARM.attributes
                0x0000004a       0x32 atmel_start.o
 .ARM.attributes
                0x0000007c       0x32 Device_Startup/startup_samd21.o
 .ARM.attributes
                0x000000ae       0x32 driver_init.o
 .ARM.attributes
                0x000000e0       0x32 hal/src/hal_atomic.o
 .ARM.attributes
                0x00000112       0x32 hal/src/hal_delay.o
 .ARM.attributes
                0x00000144       0x32 hal/src/hal_i2c_m_sync.o
 .ARM.attributes
                0x00000176       0x32 hal/src/hal_io.o
 .ARM.attributes
                0x000001a8       0x32 hal/src/hal_usart_async.o
 .ARM.attributes
                0x000001da       0x32 hal/utils/src/utils_assert.o
 .ARM.attributes
                0x0000020c       0x32 hal/utils/src/utils_ringbuffer.o
 .ARM.attributes
                0x0000023e       0x32 hal/utils/src/utils_syscalls.o
 .ARM.attributes
                0x00000270       0x32 hpl/core/hpl_core_m0plus_base.o
 .ARM.attributes
                0x000002a2       0x32 hpl/core/hpl_init.o
 .ARM.attributes
                0x000002d4       0x32 hpl/gclk/hpl_gclk.o
 .ARM.attributes
                0x00000306       0x32 hpl/pm/hpl_pm.o
 .ARM.attributes
                0x00000338       0x32 hpl/sercom/hpl_sercom.o
 .ARM.attributes
                0x0000036a       0x32 hpl/sysctrl/hpl_sysctrl.o
 .ARM.attributes
                0x0000039c       0x32 hpl/systick/hpl_systick.o
 .ARM.attributes
                0x000003ce       0x32 main.o
 .ARM.attributes
                0x00000400       0x32 sht40x_driver/sht40x_driver.o
 .ARM.attributes
                0x00000432       0x32 sht40x_driver/sht40x_driver_basic.o
 .ARM.attributes
                0x00000464       0x32 sht40x_driver/sht40x_driver_interface.o
 .ARM.attributes
                0x00000496       0x1e c:/program files (x86)/atmel/studio/7.0/toolchain/arm/arm-gnu-toolchain/bin/../lib/gcc/arm-none-eabi/6.3.1/thumb/v6-m\libgcc.a(_udivsi3.o)
 .ARM.attributes
                0x000004b4       0x1e c:/program files (x86)/atmel/studio/7.0/toolchain/arm/arm-gnu-toolchain/bin/../lib/gcc/arm-none-eabi/6.3.1/thumb/v6-m\libgcc.a(_dvmd_tls.o)
 .ARM.attributes
                0x000004d2       0x1e c:/program files (x86)/atmel/studio/7.0/toolchain/arm/arm-gnu-toolchain/bin/../lib/gcc/arm-none-eabi/6.3.1/thumb/v6-m\libgcc.a(_arm_cmpsf2.o)
 .ARM.attributes
                0x000004f0       0x1e c:/program files (x86)/atmel/studio/7.0/toolchain/arm/arm-gnu-toolchain/bin/../lib/gcc/arm-none-eabi/6.3.1/thumb/v6-m\libgcc.a(_aeabi_uldivmod.o)
 .ARM.attributes
                0x0000050e       0x2c c:/program files (x86)/atmel/studio/7.0/toolchain/arm/arm-gnu-toolchain/bin/../lib/gcc/arm-none-eabi/6.3.1/thumb/v6-m\libgcc.a(_fixunssfsi.o)
 .ARM.attributes
                0x0000053a       0x2c c:/program files (x86)/atmel/studio/7.0/toolchain/arm/arm-gnu-toolchain/bin/../lib/gcc/arm-none-eabi/6.3.1/thumb/v6-m\libgcc.a(_udivmoddi4.o)
 .ARM.attributes
                0x00000566       0x2c c:/program files (x86)/atmel/studio/7.0/toolchain/arm/arm-gnu-toolchain/bin/../lib/gcc/arm-none-eabi/6.3.1/thumb/v6-m\libgcc.a(addsf3.o)
 .ARM.attributes
                0x00000592       0x2c c:/program files (x86)/atmel/studio/7.0/toolchain/arm/arm-gnu-toolchain/bin/../lib/gcc/arm-none-eabi/6.3.1/thumb/v6-m\libgcc.a(divsf3.o)
 .ARM.attributes
                0x000005be       0x2c c:/program files (x86)/atmel/studio/7.0/toolchain/arm/arm-gnu-toolchain/bin/../lib/gcc/arm-none-eabi/6.3.1/thumb/v6-m\libgcc.a(eqsf2.o)
 .ARM.attributes
                0x000005ea       0x2c c:/program files (x86)/atmel/studio/7.0/toolchain/arm/arm-gnu-toolchain/bin/../lib/gcc/arm-none-eabi/6.3.1/thumb/v6-m\libgcc.a(gesf2.o)
 .ARM.attributes
                0x00000616       0x2c c:/program files (x86)/atmel/studio/7.0/toolchain/arm/arm-gnu-toolchain/bin/../lib/gcc/arm-none-eabi/6.3.1/thumb/v6-m\libgcc.a(lesf2.o)
 .ARM.attributes
                0x00000642       0x2c c:/program files (x86)/atmel/studio/7.0/toolchain/arm/arm-gnu-toolchain/bin/../lib/gcc/arm-none-eabi/6.3.1/thumb/v6-m\libgcc.a(mulsf3.o)
 .ARM.attributes
                0x0000066e       0x2c c:/program files (x86)/atmel/studio/7.0/toolchain/arm/arm-gnu-toolchain/bin/../lib/gcc/arm-none-eabi/6.3.1/thumb/v6-m\libgcc.a(subsf3.o)
 .ARM.attributes
                0x0000069a       0x2c c:/program files (x86)/atmel/studio/7.0/toolchain/arm/arm-gnu-toolchain/bin/../lib/gcc/arm-none-eabi/6.3.1/thumb/v6-m\libgcc.a(fixsfsi.o)
 .ARM.attributes
                0x000006c6       0x2c c:/program files (x86)/atmel/studio/7.0/toolchain/arm/arm-gnu-toolchain/bin/../lib/gcc/arm-none-eabi/6.3.1/thumb/v6-m\libgcc.a(floatsisf.o)
 .ARM.attributes
                0x000006f2       0x2c c:/program files (x86)/atmel/studio/7.0/toolchain/arm/arm-gnu-toolchain/bin/../lib/gcc/arm-none-eabi/6.3.1/thumb/v6-m\libgcc.a(adddf3.o)
 .ARM.attributes
                0x0000071e       0x2c c:/program files (x86)/atmel/studio/7.0/toolchain/arm/arm-gnu-toolchain/bin/../lib/gcc/arm-none-eabi/6.3.1/thumb/v6-m\libgcc.a(divdf3.o)
 .ARM.attributes
                0x0000074a       0x2c c:/program files (x86)/atmel/studio/7.0/toolchain/arm/arm-gnu-toolchain/bin/../lib/gcc/arm-none-eabi/6.3.1/thumb/v6-m\libgcc.a(muldf3.o)
 .ARM.attributes
                0x00000776       0x2c c:/program files (x86)/atmel/studio/7.0/toolchain/arm/arm-gnu-toolchain/bin/../lib/gcc/arm-none-eabi/6.3.1/thumb/v6-m\libgcc.a(subdf3.o)
 .ARM.attributes
                0x000007a2       0x2c c:/program files (x86)/atmel/studio/7.0/toolchain/arm/arm-gnu-toolchain/bin/../lib/gcc/arm-none-eabi/6.3.1/thumb/v6-m\libgcc.a(floatsidf.o)
 .ARM.attributes
                0x000007ce       0x2c c:/program files (x86)/atmel/studio/7.0/toolchain/arm/arm-gnu-toolchain/bin/../lib/gcc/arm-none-eabi/6.3.1/thumb/v6-m\libgcc.a(extendsfdf2.o)
 .ARM.attributes
                0x000007fa       0x2c c:/program files (x86)/atmel/studio/7.0/toolchain/arm/arm-gnu-toolchain/bin/../lib/gcc/arm-none-eabi/6.3.1/thumb/v6-m\libgcc.a(truncdfsf2.o)
 .ARM.attributes
                0x00000826       0x1e c:/program files (x86)/atmel/studio/7.0/toolchain/arm/arm-gnu-toolchain/bin/../lib/gcc/arm-none-eabi/6.3.1/thumb/v6-m\libgcc.a(_clzsi2.o)
 .ARM.attributes
                0x00000844       0x1e c:/program files (x86)/atmel/studio/7.0/toolchain/arm/arm-gnu-toolchain/bin/../lib/gcc/arm-none-eabi/6.3.1/thumb/v6-m\libgcc.a(_clzdi2.o)
 .ARM.attributes
                0x00000862       0x2c c:/program files (x86)/atmel/studio/7.0/toolchain/arm/arm-gnu-toolchain/bin/../lib/gcc/arm-none-eabi/6.3.1/../../../../arm-none-eabi/lib/thumb/v6-m\libc.a(lib_a-impure.o)
 .ARM.attributes
                0x0000088e       0x2c c:/program files (x86)/atmel/studio/7.0/toolchain/arm/arm-gnu-toolchain/bin/../lib/gcc/arm-none-eabi/6.3.1/../../../../arm-none-eabi/lib/thumb/v6-m\libc.a(lib_a-init.o)
 .ARM.attributes
                0x000008ba       0x2c c:/program files (x86)/atmel/studio/7.0/toolchain/arm/arm-gnu-toolchain/bin/../lib/gcc/arm-none-eabi/6.3.1/../../../../arm-none-eabi/lib/thumb/v6-m\libc.a(lib_a-memcpy-stub.o)
 .ARM.attributes
                0x000008e6       0x2c c:/program files (x86)/atmel/studio/7.0/toolchain/arm/arm-gnu-toolchain/bin/../lib/gcc/arm-none-eabi/6.3.1/../../../../arm-none-eabi/lib/thumb/v6-m\libc.a(lib_a-memset.o)
 .ARM.attributes
                0x00000912       0x2c c:/program files (x86)/atmel/studio/7.0/toolchain/arm/arm-gnu-toolchain/bin/../lib/gcc/arm-none-eabi/6.3.1/../../../../arm-none-eabi/lib/thumb/v6-m\libc.a(lib_a-strlen-stub.o)
 .ARM.attributes
                0x0000093e       0x2c c:/program files (x86)/atmel/studio/7.0/toolchain/arm/arm-gnu-toolchain/bin/../lib/gcc/arm-none-eabi/6.3.1/../../../../arm-none-eabi/lib/thumb/v6-m\libc.a(lib_a-strncpy.o)
 .ARM.attributes
                0x0000096a       0x2c c:/program files (x86)/atmel/studio/7.0/toolchain/arm/arm-gnu-toolchain/bin/../lib/gcc/arm-none-eabi/6.3.1/../../../../arm-none-eabi/lib/thumb/v6-m\libc.a(lib_a-vsniprintf.o)
 .ARM.attributes
                0x00000996       0x2c c:/program files (x86)/atmel/studio/7.0/toolchain/arm/arm-gnu-toolchain/bin/../lib/gcc/arm-none-eabi/6.3.1/../../../../arm-none-eabi/lib/thumb/v6-m\libc.a(lib_a-__call_atexit.o)
 .ARM.attributes
                0x000009c2       0x2c c:/program files (x86)/atmel/studio/7.0/toolchain/arm/arm-gnu-toolchain/bin/../lib/gcc/arm-none-eabi/6.3.1/../../../../arm-none-eabi/lib/thumb/v6-m\libc.a(lib_a-atexit.o)
 .ARM.attributes
                0x000009ee       0x2c c:/program files (x86)/atmel/studio/7.0/toolchain/arm/arm-gnu-toolchain/bin/../lib/gcc/arm-none-eabi/6.3.1/../../../../arm-none-eabi/lib/thumb/v6-m\libc.a(lib_a-fini.o)
 .ARM.attributes
                0x00000a1a       0x2c c:/program files (x86)/atmel/studio/7.0/toolchain/arm/arm-gnu-toolchain/bin/../lib/gcc/arm-none-eabi/6.3.1/../../../../arm-none-eabi/lib/thumb/v6-m\libc.a(lib_a-freer.o)
 .ARM.attributes
                0x00000a46       0x2c c:/program files (x86)/atmel/studio/7.0/toolchain/arm/arm-gnu-toolchain/bin/../lib/gcc/arm-none-eabi/6.3.1/../../../../arm-none-eabi/lib/thumb/v6-m\libc.a(lib_a-lock.o)
 .ARM.attributes
                0x00000a72       0x2c c:/program files (x86)/atmel/studio/7.0/toolchain/arm/arm-gnu-toolchain/bin/../lib/gcc/arm-none-eabi/6.3.1/../../../../arm-none-eabi/lib/thumb/v6-m\libc.a(lib_a-mallocr.o)
 .ARM.attributes
                0x00000a9e       0x2c c:/program files (x86)/atmel/studio/7.0/toolchain/arm/arm-gnu-toolchain/bin/../lib/gcc/arm-none-eabi/6.3.1/../../../../arm-none-eabi/lib/thumb/v6-m\libc.a(lib_a-memchr-stub.o)
 .ARM.attributes
                0x00000aca       0x2c c:/program files (x86)/atmel/studio/7.0/toolchain/arm/arm-gnu-toolchain/bin/../lib/gcc/arm-none-eabi/6.3.1/../../../../arm-none-eabi/lib/thumb/v6-m\libc.a(lib_a-mlock.o)
 .ARM.attributes
                0x00000af6       0x2c c:/program files (x86)/atmel/studio/7.0/toolchain/arm/arm-gnu-toolchain/bin/../lib/gcc/arm-none-eabi/6.3.1/../../../../arm-none-eabi/lib/thumb/v6-m\libc.a(lib_a-sbrkr.o)
 .ARM.attributes
                0x00000b22       0x2c c:/program files (x86)/atmel/studio/7.0/toolchain/arm/arm-gnu-toolchain/bin/../lib/gcc/arm-none-eabi/6.3.1/../../../../arm-none-eabi/lib/thumb/v6-m\libc.a(lib_a-svfiprintf.o)
 .ARM.attributes
                0x00000b4e       0x2c c:/program files (x86)/atmel/studio/7.0/toolchain/arm/arm-gnu-toolchain/bin/../lib/gcc/arm-none-eabi/6.3.1/../../../../arm-none-eabi/lib/thumb/v6-m\libc.a(lib_a-__atexit.o)
 .ARM.attributes
                0x00000b7a       0x2c c:/program files (x86)/atmel/studio/7.0/toolchain/arm/arm-gnu-toolchain/bin/../lib/gcc/arm-none-eabi/6.3.1/../../../../arm-none-eabi/lib/thumb/v6-m\libc.a(lib_a-memmove.o)
 .ARM.attributes
                0x00000ba6       0x2c c:/program files (x86)/atmel/studio/7.0/toolchain/arm/arm-gnu-toolchain/bin/../lib/gcc/arm-none-eabi/6.3.1/../../../../arm-none-eabi/lib/thumb/v6-m\libc.a(lib_a-reallocr.o)
 .ARM.attributes
                0x00000bd2       0x2c c:/program files (x86)/atmel/studio/7.0/toolchain/arm/arm-gnu-toolchain/bin/../lib/gcc/arm-none-eabi/6.3.1/../../../../arm-none-eabi/lib/thumb/v6-m\libc.a(lib_a-reent.o)
 .ARM.attributes
                0x00000bfe       0x1e c:/program files (x86)/atmel/studio/7.0/toolchain/arm/arm-gnu-toolchain/bin/../lib/gcc/arm-none-eabi/6.3.1/thumb/v6-m/crtn.o

.comment        0x00000000       0x59
 .comment       0x00000000       0x59 atmel_start.o
                                 0x5a (size before relaxing)
 .comment       0x00000059       0x5a Device_Startup/startup_samd21.o
 .comment       0x00000059       0x5a driver_init.o
 .comment       0x00000059       0x5a hal/src/hal_atomic.o
 .comment       0x00000059       0x5a hal/src/hal_delay.o
 .comment       0x00000059       0x5a hal/src/hal_i2c_m_sync.o
 .comment       0x00000059       0x5a hal/src/hal_io.o
 .comment       0x00000059       0x5a hal/src/hal_usart_async.o
 .comment       0x00000059       0x5a hal/utils/src/utils_assert.o
 .comment       0x00000059       0x5a hal/utils/src/utils_ringbuffer.o
 .comment       0x00000059       0x5a hal/utils/src/utils_syscalls.o
 .comment       0x00000059       0x5a hpl/core/hpl_core_m0plus_base.o
 .comment       0x00000059       0x5a hpl/core/hpl_init.o
 .comment       0x00000059       0x5a hpl/gclk/hpl_gclk.o
 .comment       0x00000059       0x5a hpl/pm/hpl_pm.o
 .comment       0x00000059       0x5a hpl/sercom/hpl_sercom.o
 .comment       0x00000059       0x5a hpl/sysctrl/hpl_sysctrl.o
 .comment       0x00000059       0x5a hpl/systick/hpl_systick.o
 .comment       0x00000059       0x5a main.o
 .comment       0x00000059       0x5a sht40x_driver/sht40x_driver.o
 .comment       0x00000059       0x5a sht40x_driver/sht40x_driver_basic.o
 .comment       0x00000059       0x5a sht40x_driver/sht40x_driver_interface.o

.debug_info     0x00000000    0x23a8c
 .debug_info    0x00000000      0x4bf atmel_start.o
 .debug_info    0x000004bf     0x3a2c Device_Startup/startup_samd21.o
 .debug_info    0x00003eeb     0x8452 driver_init.o
 .debug_info    0x0000c33d      0x1d1 hal/src/hal_atomic.o
 .debug_info    0x0000c50e      0x1dc hal/src/hal_delay.o
 .debug_info    0x0000c6ea      0x878 hal/src/hal_i2c_m_sync.o
 .debug_info    0x0000cf62      0x2b2 hal/src/hal_io.o
 .debug_info    0x0000d214     0x129e hal/src/hal_usart_async.o
 .debug_info    0x0000e4b2      0x107 hal/utils/src/utils_assert.o
 .debug_info    0x0000e5b9      0x2f1 hal/utils/src/utils_ringbuffer.o
 .debug_info    0x0000e8aa      0xdca hal/utils/src/utils_syscalls.o
 .debug_info    0x0000f674      0x801 hpl/core/hpl_core_m0plus_base.o
 .debug_info    0x0000fe75      0x677 hpl/core/hpl_init.o
 .debug_info    0x000104ec      0x4e1 hpl/gclk/hpl_gclk.o
 .debug_info    0x000109cd      0xc6d hpl/pm/hpl_pm.o
 .debug_info    0x0001163a     0xb65a hpl/sercom/hpl_sercom.o
 .debug_info    0x0001cc94     0x1454 hpl/sysctrl/hpl_sysctrl.o
 .debug_info    0x0001e0e8      0x25e hpl/systick/hpl_systick.o
 .debug_info    0x0001e346     0x1ed1 main.o
 .debug_info    0x00020217     0x1659 sht40x_driver/sht40x_driver.o
 .debug_info    0x00021870     0x136a sht40x_driver/sht40x_driver_basic.o
 .debug_info    0x00022bda      0xeb2 sht40x_driver/sht40x_driver_interface.o

.debug_abbrev   0x00000000     0x3009
 .debug_abbrev  0x00000000       0xea atmel_start.o
 .debug_abbrev  0x000000ea      0x227 Device_Startup/startup_samd21.o
 .debug_abbrev  0x00000311      0x38a driver_init.o
 .debug_abbrev  0x0000069b      0x144 hal/src/hal_atomic.o
 .debug_abbrev  0x000007df       0xe1 hal/src/hal_delay.o
 .debug_abbrev  0x000008c0      0x1a6 hal/src/hal_i2c_m_sync.o
 .debug_abbrev  0x00000a66      0x115 hal/src/hal_io.o
 .debug_abbrev  0x00000b7b      0x29f hal/src/hal_usart_async.o
 .debug_abbrev  0x00000e1a       0x86 hal/utils/src/utils_assert.o
 .debug_abbrev  0x00000ea0       0xf4 hal/utils/src/utils_ringbuffer.o
 .debug_abbrev  0x00000f94      0x269 hal/utils/src/utils_syscalls.o
 .debug_abbrev  0x000011fd      0x2a8 hpl/core/hpl_core_m0plus_base.o
 .debug_abbrev  0x000014a5      0x1cc hpl/core/hpl_init.o
 .debug_abbrev  0x00001671      0x1c3 hpl/gclk/hpl_gclk.o
 .debug_abbrev  0x00001834      0x211 hpl/pm/hpl_pm.o
 .debug_abbrev  0x00001a45      0x5bf hpl/sercom/hpl_sercom.o
 .debug_abbrev  0x00002004      0x1fb hpl/sysctrl/hpl_sysctrl.o
 .debug_abbrev  0x000021ff      0x172 hpl/systick/hpl_systick.o
 .debug_abbrev  0x00002371      0x3c5 main.o
 .debug_abbrev  0x00002736      0x334 sht40x_driver/sht40x_driver.o
 .debug_abbrev  0x00002a6a      0x2ad sht40x_driver/sht40x_driver_basic.o
 .debug_abbrev  0x00002d17      0x2f2 sht40x_driver/sht40x_driver_interface.o

.debug_loc      0x00000000     0xc12b
 .debug_loc     0x00000000       0x20 atmel_start.o
 .debug_loc     0x00000020       0x78 Device_Startup/startup_samd21.o
 .debug_loc     0x00000098      0x97a driver_init.o
 .debug_loc     0x00000a12       0x13 hal/src/hal_atomic.o
 .debug_loc     0x00000a25       0xc3 hal/src/hal_delay.o
 .debug_loc     0x00000ae8      0x6f5 hal/src/hal_i2c_m_sync.o
 .debug_loc     0x000011dd      0x1b6 hal/src/hal_io.o
 .debug_loc     0x00001393      0xf92 hal/src/hal_usart_async.o
 .debug_loc     0x00002325      0x2d1 hal/utils/src/utils_ringbuffer.o
 .debug_loc     0x000025f6      0x13b hal/utils/src/utils_syscalls.o
 .debug_loc     0x00002731      0x28f hpl/core/hpl_core_m0plus_base.o
 .debug_loc     0x000029c0       0x4c hpl/core/hpl_init.o
 .debug_loc     0x00002a0c       0xa3 hpl/gclk/hpl_gclk.o
 .debug_loc     0x00002aaf      0x11b hpl/pm/hpl_pm.o
 .debug_loc     0x00002bca     0x801d hpl/sercom/hpl_sercom.o
 .debug_loc     0x0000abe7      0x153 hpl/sysctrl/hpl_sysctrl.o
 .debug_loc     0x0000ad3a       0xf9 hpl/systick/hpl_systick.o
 .debug_loc     0x0000ae33      0x26e main.o
 .debug_loc     0x0000b0a1      0xb00 sht40x_driver/sht40x_driver.o
 .debug_loc     0x0000bba1      0x3c8 sht40x_driver/sht40x_driver_basic.o
 .debug_loc     0x0000bf69      0x1c2 sht40x_driver/sht40x_driver_interface.o

.debug_aranges  0x00000000      0xb38
 .debug_aranges
                0x00000000       0x20 atmel_start.o
 .debug_aranges
                0x00000020       0x28 Device_Startup/startup_samd21.o
 .debug_aranges
                0x00000048       0x58 driver_init.o
 .debug_aranges
                0x000000a0       0x30 hal/src/hal_atomic.o
 .debug_aranges
                0x000000d0       0x38 hal/src/hal_delay.o
 .debug_aranges
                0x00000108       0x88 hal/src/hal_i2c_m_sync.o
 .debug_aranges
                0x00000190       0x30 hal/src/hal_io.o
 .debug_aranges
                0x000001c0       0xe0 hal/src/hal_usart_async.o
 .debug_aranges
                0x000002a0       0x20 hal/utils/src/utils_assert.o
 .debug_aranges
                0x000002c0       0x40 hal/utils/src/utils_ringbuffer.o
 .debug_aranges
                0x00000300       0x60 hal/utils/src/utils_syscalls.o
 .debug_aranges
                0x00000360       0x70 hpl/core/hpl_core_m0plus_base.o
 .debug_aranges
                0x000003d0       0x20 hpl/core/hpl_init.o
 .debug_aranges
                0x000003f0       0x28 hpl/gclk/hpl_gclk.o
 .debug_aranges
                0x00000418       0x30 hpl/pm/hpl_pm.o
 .debug_aranges
                0x00000448      0x520 hpl/sercom/hpl_sercom.o
 .debug_aranges
                0x00000968       0x28 hpl/sysctrl/hpl_sysctrl.o
 .debug_aranges
                0x00000990       0x48 hpl/systick/hpl_systick.o
 .debug_aranges
                0x000009d8       0x38 main.o
 .debug_aranges
                0x00000a10       0x88 sht40x_driver/sht40x_driver.o
 .debug_aranges
                0x00000a98       0x58 sht40x_driver/sht40x_driver_basic.o
 .debug_aranges
                0x00000af0       0x48 sht40x_driver/sht40x_driver_interface.o

.debug_ranges   0x00000000      0xba8
 .debug_ranges  0x00000000       0x10 atmel_start.o
 .debug_ranges  0x00000010       0x18 Device_Startup/startup_samd21.o
 .debug_ranges  0x00000028       0x48 driver_init.o
 .debug_ranges  0x00000070       0x20 hal/src/hal_atomic.o
 .debug_ranges  0x00000090       0x28 hal/src/hal_delay.o
 .debug_ranges  0x000000b8       0x78 hal/src/hal_i2c_m_sync.o
 .debug_ranges  0x00000130       0x20 hal/src/hal_io.o
 .debug_ranges  0x00000150       0xd0 hal/src/hal_usart_async.o
 .debug_ranges  0x00000220       0x10 hal/utils/src/utils_assert.o
 .debug_ranges  0x00000230       0x30 hal/utils/src/utils_ringbuffer.o
 .debug_ranges  0x00000260       0x50 hal/utils/src/utils_syscalls.o
 .debug_ranges  0x000002b0       0x60 hpl/core/hpl_core_m0plus_base.o
 .debug_ranges  0x00000310       0x10 hpl/core/hpl_init.o
 .debug_ranges  0x00000320       0x18 hpl/gclk/hpl_gclk.o
 .debug_ranges  0x00000338       0x20 hpl/pm/hpl_pm.o
 .debug_ranges  0x00000358      0x6e0 hpl/sercom/hpl_sercom.o
 .debug_ranges  0x00000a38       0x18 hpl/sysctrl/hpl_sysctrl.o
 .debug_ranges  0x00000a50       0x38 hpl/systick/hpl_systick.o
 .debug_ranges  0x00000a88       0x28 main.o
 .debug_ranges  0x00000ab0       0x78 sht40x_driver/sht40x_driver.o
 .debug_ranges  0x00000b28       0x48 sht40x_driver/sht40x_driver_basic.o
 .debug_ranges  0x00000b70       0x38 sht40x_driver/sht40x_driver_interface.o

.debug_macro    0x00000000    0x19066
 .debug_macro   0x00000000      0x51d atmel_start.o
 .debug_macro   0x0000051d      0x89e atmel_start.o
 .debug_macro   0x00000dbb      0x16d atmel_start.o
 .debug_macro   0x00000f28       0x22 atmel_start.o
 .debug_macro   0x00000f4a       0x87 atmel_start.o
 .debug_macro   0x00000fd1       0x51 atmel_start.o
 .debug_macro   0x00001022       0xef atmel_start.o
 .debug_macro   0x00001111       0x6a atmel_start.o
 .debug_macro   0x0000117b      0x1df atmel_start.o
 .debug_macro   0x0000135a       0x22 atmel_start.o
 .debug_macro   0x0000137c       0x3f atmel_start.o
 .debug_macro   0x000013bb       0x1c atmel_start.o
 .debug_macro   0x000013d7       0x22 atmel_start.o
 .debug_macro   0x000013f9       0xb5 atmel_start.o
 .debug_macro   0x000014ae      0x3ad atmel_start.o
 .debug_macro   0x0000185b      0x67e atmel_start.o
 .debug_macro   0x00001ed9      0x8b1 atmel_start.o
 .debug_macro   0x0000278a      0x22e atmel_start.o
 .debug_macro   0x000029b8      0xd5c atmel_start.o
 .debug_macro   0x00003714      0x4dc atmel_start.o
 .debug_macro   0x00003bf0      0x9f6 atmel_start.o
 .debug_macro   0x000045e6      0x82b atmel_start.o
 .debug_macro   0x00004e11      0x45f atmel_start.o
 .debug_macro   0x00005270       0x5e atmel_start.o
 .debug_macro   0x000052ce      0x8f9 atmel_start.o
 .debug_macro   0x00005bc7      0x21c atmel_start.o
 .debug_macro   0x00005de3      0x735 atmel_start.o
 .debug_macro   0x00006518       0x5e atmel_start.o
 .debug_macro   0x00006576      0x632 atmel_start.o
 .debug_macro   0x00006ba8      0x3ac atmel_start.o
 .debug_macro   0x00006f54      0xc76 atmel_start.o
 .debug_macro   0x00007bca     0x1092 atmel_start.o
 .debug_macro   0x00008c5c      0xc4a atmel_start.o
 .debug_macro   0x000098a6      0x6ba atmel_start.o
 .debug_macro   0x00009f60     0x1b3d atmel_start.o
 .debug_macro   0x0000ba9d     0x143c atmel_start.o
 .debug_macro   0x0000ced9      0x340 atmel_start.o
 .debug_macro   0x0000d219       0x7c atmel_start.o
 .debug_macro   0x0000d295       0xa0 atmel_start.o
 .debug_macro   0x0000d335       0x4c atmel_start.o
 .debug_macro   0x0000d381       0xca atmel_start.o
 .debug_macro   0x0000d44b       0x94 atmel_start.o
 .debug_macro   0x0000d4df       0x58 atmel_start.o
 .debug_macro   0x0000d537      0x341 atmel_start.o
 .debug_macro   0x0000d878       0x82 atmel_start.o
 .debug_macro   0x0000d8fa      0x189 atmel_start.o
 .debug_macro   0x0000da83       0xb8 atmel_start.o
 .debug_macro   0x0000db3b       0xa0 atmel_start.o
 .debug_macro   0x0000dbdb       0xb2 atmel_start.o
 .debug_macro   0x0000dc8d       0x1c atmel_start.o
 .debug_macro   0x0000dca9       0x1c atmel_start.o
 .debug_macro   0x0000dcc5       0x1c atmel_start.o
 .debug_macro   0x0000dce1       0x7c atmel_start.o
 .debug_macro   0x0000dd5d      0x15a atmel_start.o
 .debug_macro   0x0000deb7       0x10 atmel_start.o
 .debug_macro   0x0000dec7       0xdc atmel_start.o
 .debug_macro   0x0000dfa3      0x124 atmel_start.o
 .debug_macro   0x0000e0c7      0x124 atmel_start.o
 .debug_macro   0x0000e1eb      0x124 atmel_start.o
 .debug_macro   0x0000e30f      0x124 atmel_start.o
 .debug_macro   0x0000e433      0x124 atmel_start.o
 .debug_macro   0x0000e557      0x124 atmel_start.o
 .debug_macro   0x0000e67b      0x124 atmel_start.o
 .debug_macro   0x0000e79f       0xe2 atmel_start.o
 .debug_macro   0x0000e881       0xe2 atmel_start.o
 .debug_macro   0x0000e963       0xe2 atmel_start.o
 .debug_macro   0x0000ea45      0x12a atmel_start.o
 .debug_macro   0x0000eb6f      0x100 atmel_start.o
 .debug_macro   0x0000ec6f       0xf4 atmel_start.o
 .debug_macro   0x0000ed63      0x40f atmel_start.o
 .debug_macro   0x0000f172       0x40 atmel_start.o
 .debug_macro   0x0000f1b2      0x376 atmel_start.o
 .debug_macro   0x0000f528     0x17df atmel_start.o
 .debug_macro   0x00010d07       0x6d atmel_start.o
 .debug_macro   0x00010d74       0x10 atmel_start.o
 .debug_macro   0x00010d84       0x10 atmel_start.o
 .debug_macro   0x00010d94       0x16 atmel_start.o
 .debug_macro   0x00010daa       0x16 atmel_start.o
 .debug_macro   0x00010dc0       0x16 atmel_start.o
 .debug_macro   0x00010dd6       0x16 atmel_start.o
 .debug_macro   0x00010dec       0x16 atmel_start.o
 .debug_macro   0x00010e02       0x16 atmel_start.o
 .debug_macro   0x00010e18       0x16 atmel_start.o
 .debug_macro   0x00010e2e       0x16 atmel_start.o
 .debug_macro   0x00010e44       0x16 atmel_start.o
 .debug_macro   0x00010e5a       0x16 atmel_start.o
 .debug_macro   0x00010e70       0x16 atmel_start.o
 .debug_macro   0x00010e86       0x16 atmel_start.o
 .debug_macro   0x00010e9c       0x16 atmel_start.o
 .debug_macro   0x00010eb2       0x16 atmel_start.o
 .debug_macro   0x00010ec8      0x4c3 atmel_start.o
 .debug_macro   0x0001138b       0x94 atmel_start.o
 .debug_macro   0x0001141f       0x16 atmel_start.o
 .debug_macro   0x00011435       0x6a atmel_start.o
 .debug_macro   0x0001149f      0x28c atmel_start.o
 .debug_macro   0x0001172b      0x4d8 atmel_start.o
 .debug_macro   0x00011c03       0x16 atmel_start.o
 .debug_macro   0x00011c19       0xca atmel_start.o
 .debug_macro   0x00011ce3       0x1c atmel_start.o
 .debug_macro   0x00011cff       0x16 atmel_start.o
 .debug_macro   0x00011d15       0x5e atmel_start.o
 .debug_macro   0x00011d73       0x70 atmel_start.o
 .debug_macro   0x00011de3      0x2fc Device_Startup/startup_samd21.o
 .debug_macro   0x000120df       0x39 Device_Startup/startup_samd21.o
 .debug_macro   0x00012118      0x541 driver_init.o
 .debug_macro   0x00012659       0x42 driver_init.o
 .debug_macro   0x0001269b       0xc9 driver_init.o
 .debug_macro   0x00012764      0x42a hal/src/hal_atomic.o
 .debug_macro   0x00012b8e      0x45c hal/src/hal_delay.o
 .debug_macro   0x00012fea      0x465 hal/src/hal_i2c_m_sync.o
 .debug_macro   0x0001344f       0x6a hal/src/hal_i2c_m_sync.o
 .debug_macro   0x000134b9      0x43d hal/src/hal_io.o
 .debug_macro   0x000138f6      0x486 hal/src/hal_usart_async.o
 .debug_macro   0x00013d7c      0x433 hal/utils/src/utils_assert.o
 .debug_macro   0x000141af       0x10 hal/utils/src/utils_assert.o
 .debug_macro   0x000141bf      0x437 hal/utils/src/utils_ringbuffer.o
 .debug_macro   0x000145f6      0x1d6 hal/utils/src/utils_syscalls.o
 .debug_macro   0x000147cc       0x52 hal/utils/src/utils_syscalls.o
 .debug_macro   0x0001481e       0x8d hal/utils/src/utils_syscalls.o
 .debug_macro   0x000148ab       0x16 hal/utils/src/utils_syscalls.o
 .debug_macro   0x000148c1       0x57 hal/utils/src/utils_syscalls.o
 .debug_macro   0x00014918       0x97 hal/utils/src/utils_syscalls.o
 .debug_macro   0x000149af      0x353 hal/utils/src/utils_syscalls.o
 .debug_macro   0x00014d02       0xf6 hal/utils/src/utils_syscalls.o
 .debug_macro   0x00014df8       0x10 hal/utils/src/utils_syscalls.o
 .debug_macro   0x00014e08       0x10 hal/utils/src/utils_syscalls.o
 .debug_macro   0x00014e18       0x1c hal/utils/src/utils_syscalls.o
 .debug_macro   0x00014e34       0x52 hal/utils/src/utils_syscalls.o
 .debug_macro   0x00014e86       0x40 hal/utils/src/utils_syscalls.o
 .debug_macro   0x00014ec6       0x10 hal/utils/src/utils_syscalls.o
 .debug_macro   0x00014ed6       0x40 hal/utils/src/utils_syscalls.o
 .debug_macro   0x00014f16       0xd7 hal/utils/src/utils_syscalls.o
 .debug_macro   0x00014fed       0x16 hal/utils/src/utils_syscalls.o
 .debug_macro   0x00015003      0x18b hal/utils/src/utils_syscalls.o
 .debug_macro   0x0001518e       0x4c hal/utils/src/utils_syscalls.o
 .debug_macro   0x000151da       0x16 hal/utils/src/utils_syscalls.o
 .debug_macro   0x000151f0       0x10 hal/utils/src/utils_syscalls.o
 .debug_macro   0x00015200       0x10 hal/utils/src/utils_syscalls.o
 .debug_macro   0x00015210       0x35 hal/utils/src/utils_syscalls.o
 .debug_macro   0x00015245      0x122 hal/utils/src/utils_syscalls.o
 .debug_macro   0x00015367      0x481 hpl/core/hpl_core_m0plus_base.o
 .debug_macro   0x000157e8      0x4a4 hpl/core/hpl_init.o
 .debug_macro   0x00015c8c       0x2e hpl/core/hpl_init.o
 .debug_macro   0x00015cba      0x6ec hpl/core/hpl_init.o
 .debug_macro   0x000163a6      0x446 hpl/gclk/hpl_gclk.o
 .debug_macro   0x000167ec      0x1f3 hpl/gclk/hpl_gclk.o
 .debug_macro   0x000169df      0x469 hpl/pm/hpl_pm.o
 .debug_macro   0x00016e48      0x66b hpl/sercom/hpl_sercom.o
 .debug_macro   0x000174b3      0x11d hpl/sercom/hpl_sercom.o
 .debug_macro   0x000175d0       0x10 hpl/sercom/hpl_sercom.o
 .debug_macro   0x000175e0       0x1c hpl/sercom/hpl_sercom.o
 .debug_macro   0x000175fc       0x22 hpl/sercom/hpl_sercom.o
 .debug_macro   0x0001761e       0x10 hpl/sercom/hpl_sercom.o
 .debug_macro   0x0001762e      0x440 hpl/sysctrl/hpl_sysctrl.o
 .debug_macro   0x00017a6e      0x2da hpl/sysctrl/hpl_sysctrl.o
 .debug_macro   0x00017d48      0x437 hpl/systick/hpl_systick.o
 .debug_macro   0x0001817f       0x10 hpl/systick/hpl_systick.o
 .debug_macro   0x0001818f      0x708 main.o
 .debug_macro   0x00018897       0x16 main.o
 .debug_macro   0x000188ad       0x16 main.o
 .debug_macro   0x000188c3       0x29 main.o
 .debug_macro   0x000188ec       0x16 main.o
 .debug_macro   0x00018902       0xa7 main.o
 .debug_macro   0x000189a9      0x25d sht40x_driver/sht40x_driver.o
 .debug_macro   0x00018c06      0x235 sht40x_driver/sht40x_driver_basic.o
 .debug_macro   0x00018e3b      0x22b sht40x_driver/sht40x_driver_interface.o

.debug_line     0x00000000     0xe9e7
 .debug_line    0x00000000      0xa92 atmel_start.o
 .debug_line    0x00000a92      0x6fa Device_Startup/startup_samd21.o
 .debug_line    0x0000118c      0xc14 driver_init.o
 .debug_line    0x00001da0      0x974 hal/src/hal_atomic.o
 .debug_line    0x00002714      0x99f hal/src/hal_delay.o
 .debug_line    0x000030b3      0xa8f hal/src/hal_i2c_m_sync.o
 .debug_line    0x00003b42      0x98c hal/src/hal_io.o
 .debug_line    0x000044ce      0xc4c hal/src/hal_usart_async.o
 .debug_line    0x0000511a      0x93e hal/utils/src/utils_assert.o
 .debug_line    0x00005a58      0x9dd hal/utils/src/utils_ringbuffer.o
 .debug_line    0x00006435      0x40b hal/utils/src/utils_syscalls.o
 .debug_line    0x00006840      0xaed hpl/core/hpl_core_m0plus_base.o
 .debug_line    0x0000732d      0xa1e hpl/core/hpl_init.o
 .debug_line    0x00007d4b      0x998 hpl/gclk/hpl_gclk.o
 .debug_line    0x000086e3      0x9e4 hpl/pm/hpl_pm.o
 .debug_line    0x000090c7     0x299d hpl/sercom/hpl_sercom.o
 .debug_line    0x0000ba64      0x9c9 hpl/sysctrl/hpl_sysctrl.o
 .debug_line    0x0000c42d      0x9c9 hpl/systick/hpl_systick.o
 .debug_line    0x0000cdf6      0xca4 main.o
 .debug_line    0x0000da9a      0x60e sht40x_driver/sht40x_driver.o
 .debug_line    0x0000e0a8      0x4dd sht40x_driver/sht40x_driver_basic.o
 .debug_line    0x0000e585      0x462 sht40x_driver/sht40x_driver_interface.o

.debug_str      0x00000000    0x86531
 .debug_str     0x00000000    0x75f80 atmel_start.o
                              0x76415 (size before relaxing)
 .debug_str     0x00075f80     0x10b0 Device_Startup/startup_samd21.o
                              0x6e225 (size before relaxing)
 .debug_str     0x00077030     0x1744 driver_init.o
                              0x789a2 (size before relaxing)
 .debug_str     0x00078774       0xb7 hal/src/hal_atomic.o
                              0x75ce5 (size before relaxing)
 .debug_str     0x0007882b       0x92 hal/src/hal_delay.o
                              0x75d4f (size before relaxing)
 .debug_str     0x000788bd      0x170 hal/src/hal_i2c_m_sync.o
                              0x765e8 (size before relaxing)
 .debug_str     0x00078a2d       0x3d hal/src/hal_io.o
                              0x75d92 (size before relaxing)
 .debug_str     0x00078a6a      0x691 hal/src/hal_usart_async.o
                              0x76bfc (size before relaxing)
 .debug_str     0x000790fb       0x2a hal/utils/src/utils_assert.o
                              0x75cf5 (size before relaxing)
 .debug_str     0x00079125       0x24 hal/utils/src/utils_ringbuffer.o
                              0x75d9b (size before relaxing)
 .debug_str     0x00079149     0x4500 hal/utils/src/utils_syscalls.o
                               0x7337 (size before relaxing)
 .debug_str     0x0007d649      0x2f7 hpl/core/hpl_core_m0plus_base.o
                              0x7677a (size before relaxing)
 .debug_str     0x0007d940     0x17d7 hpl/core/hpl_init.o
                              0x778ea (size before relaxing)
 .debug_str     0x0007f117      0x84a hpl/gclk/hpl_gclk.o
                              0x7660d (size before relaxing)
 .debug_str     0x0007f961      0x194 hpl/pm/hpl_pm.o
                              0x76449 (size before relaxing)
 .debug_str     0x0007faf5     0x48e2 hpl/sercom/hpl_sercom.o
                              0x7bdb7 (size before relaxing)
 .debug_str     0x000843d7     0x11d4 hpl/sysctrl/hpl_sysctrl.o
                              0x76fc4 (size before relaxing)
 .debug_str     0x000855ab       0xcd hpl/systick/hpl_systick.o
                              0x75d3d (size before relaxing)
 .debug_str     0x00085678      0xa61 main.o
                              0x7b04a (size before relaxing)
 .debug_str     0x000860d9      0x2a8 sht40x_driver/sht40x_driver.o
                               0x8216 (size before relaxing)
 .debug_str     0x00086381       0xf3 sht40x_driver/sht40x_driver_basic.o
                               0x81d2 (size before relaxing)
 .debug_str     0x00086474       0xbd sht40x_driver/sht40x_driver_interface.o
                               0x7e79 (size before relaxing)

.debug_frame    0x00000000     0x24e0
 .debug_frame   0x00000000       0x28 atmel_start.o
 .debug_frame   0x00000028       0x40 Device_Startup/startup_samd21.o
 .debug_frame   0x00000068       0xd0 driver_init.o
 .debug_frame   0x00000138       0x40 hal/src/hal_atomic.o
 .debug_frame   0x00000178       0x68 hal/src/hal_delay.o
 .debug_frame   0x000001e0      0x164 hal/src/hal_i2c_m_sync.o
 .debug_frame   0x00000344       0x58 hal/src/hal_io.o
 .debug_frame   0x0000039c      0x2a4 hal/src/hal_usart_async.o
 .debug_frame   0x00000640       0x20 hal/utils/src/utils_assert.o
 .debug_frame   0x00000660       0x94 hal/utils/src/utils_ringbuffer.o
 .debug_frame   0x000006f4       0xa8 hal/utils/src/utils_syscalls.o
 .debug_frame   0x0000079c       0xd4 hpl/core/hpl_core_m0plus_base.o
 .debug_frame   0x00000870       0x28 hpl/core/hpl_init.o
 .debug_frame   0x00000898       0x30 hpl/gclk/hpl_gclk.o
 .debug_frame   0x000008c8       0x40 hpl/pm/hpl_pm.o
 .debug_frame   0x00000908      0xedc hpl/sercom/hpl_sercom.o
 .debug_frame   0x000017e4       0x30 hpl/sysctrl/hpl_sysctrl.o
 .debug_frame   0x00001814       0x78 hpl/systick/hpl_systick.o
 .debug_frame   0x0000188c       0x98 main.o
 .debug_frame   0x00001924      0x18c sht40x_driver/sht40x_driver.o
 .debug_frame   0x00001ab0       0xe4 sht40x_driver/sht40x_driver_basic.o
 .debug_frame   0x00001b94       0x98 sht40x_driver/sht40x_driver_interface.o
 .debug_frame   0x00001c2c       0x20 c:/program files (x86)/atmel/studio/7.0/toolchain/arm/arm-gnu-toolchain/bin/../lib/gcc/arm-none-eabi/6.3.1/thumb/v6-m\libgcc.a(_udivsi3.o)
 .debug_frame   0x00001c4c       0x28 c:/program files (x86)/atmel/studio/7.0/toolchain/arm/arm-gnu-toolchain/bin/../lib/gcc/arm-none-eabi/6.3.1/thumb/v6-m\libgcc.a(_fixunssfsi.o)
 .debug_frame   0x00001c74       0x3c c:/program files (x86)/atmel/studio/7.0/toolchain/arm/arm-gnu-toolchain/bin/../lib/gcc/arm-none-eabi/6.3.1/thumb/v6-m\libgcc.a(_udivmoddi4.o)
 .debug_frame   0x00001cb0       0x34 c:/program files (x86)/atmel/studio/7.0/toolchain/arm/arm-gnu-toolchain/bin/../lib/gcc/arm-none-eabi/6.3.1/thumb/v6-m\libgcc.a(addsf3.o)
 .debug_frame   0x00001ce4       0x3c c:/program files (x86)/atmel/studio/7.0/toolchain/arm/arm-gnu-toolchain/bin/../lib/gcc/arm-none-eabi/6.3.1/thumb/v6-m\libgcc.a(divsf3.o)
 .debug_frame   0x00001d20       0x2c c:/program files (x86)/atmel/studio/7.0/toolchain/arm/arm-gnu-toolchain/bin/../lib/gcc/arm-none-eabi/6.3.1/thumb/v6-m\libgcc.a(eqsf2.o)
 .debug_frame   0x00001d4c       0x30 c:/program files (x86)/atmel/studio/7.0/toolchain/arm/arm-gnu-toolchain/bin/../lib/gcc/arm-none-eabi/6.3.1/thumb/v6-m\libgcc.a(gesf2.o)
 .debug_frame   0x00001d7c       0x30 c:/program files (x86)/atmel/studio/7.0/toolchain/arm/arm-gnu-toolchain/bin/../lib/gcc/arm-none-eabi/6.3.1/thumb/v6-m\libgcc.a(lesf2.o)
 .debug_frame   0x00001dac       0x3c c:/program files (x86)/atmel/studio/7.0/toolchain/arm/arm-gnu-toolchain/bin/../lib/gcc/arm-none-eabi/6.3.1/thumb/v6-m\libgcc.a(mulsf3.o)
 .debug_frame   0x00001de8       0x38 c:/program files (x86)/atmel/studio/7.0/toolchain/arm/arm-gnu-toolchain/bin/../lib/gcc/arm-none-eabi/6.3.1/thumb/v6-m\libgcc.a(subsf3.o)
 .debug_frame   0x00001e20       0x20 c:/program files (x86)/atmel/studio/7.0/toolchain/arm/arm-gnu-toolchain/bin/../lib/gcc/arm-none-eabi/6.3.1/thumb/v6-m\libgcc.a(fixsfsi.o)
 .debug_frame   0x00001e40       0x2c c:/program files (x86)/atmel/studio/7.0/toolchain/arm/arm-gnu-toolchain/bin/../lib/gcc/arm-none-eabi/6.3.1/thumb/v6-m\libgcc.a(floatsisf.o)
 .debug_frame   0x00001e6c       0x3c c:/program files (x86)/atmel/studio/7.0/toolchain/arm/arm-gnu-toolchain/bin/../lib/gcc/arm-none-eabi/6.3.1/thumb/v6-m\libgcc.a(adddf3.o)
 .debug_frame   0x00001ea8       0x3c c:/program files (x86)/atmel/studio/7.0/toolchain/arm/arm-gnu-toolchain/bin/../lib/gcc/arm-none-eabi/6.3.1/thumb/v6-m\libgcc.a(divdf3.o)
 .debug_frame   0x00001ee4       0x3c c:/program files (x86)/atmel/studio/7.0/toolchain/arm/arm-gnu-toolchain/bin/../lib/gcc/arm-none-eabi/6.3.1/thumb/v6-m\libgcc.a(muldf3.o)
 .debug_frame   0x00001f20       0x38 c:/program files (x86)/atmel/studio/7.0/toolchain/arm/arm-gnu-toolchain/bin/../lib/gcc/arm-none-eabi/6.3.1/thumb/v6-m\libgcc.a(subdf3.o)
 .debug_frame   0x00001f58       0x2c c:/program files (x86)/atmel/studio/7.0/toolchain/arm/arm-gnu-toolchain/bin/../lib/gcc/arm-none-eabi/6.3.1/thumb/v6-m\libgcc.a(floatsidf.o)
 .debug_frame   0x00001f84       0x2c c:/program files (x86)/atmel/studio/7.0/toolchain/arm/arm-gnu-toolchain/bin/../lib/gcc/arm-none-eabi/6.3.1/thumb/v6-m\libgcc.a(extendsfdf2.o)
 .debug_frame   0x00001fb0       0x30 c:/program files (x86)/atmel/studio/7.0/toolchain/arm/arm-gnu-toolchain/bin/../lib/gcc/arm-none-eabi/6.3.1/thumb/v6-m\libgcc.a(truncdfsf2.o)
 .debug_frame   0x00001fe0       0x2c c:/program files (x86)/atmel/studio/7.0/toolchain/arm/arm-gnu-toolchain/bin/../lib/gcc/arm-none-eabi/6.3.1/../../../../arm-none-eabi/lib/thumb/v6-m\libc.a(lib_a-init.o)
 .debug_frame   0x0000200c       0x30 c:/program files (x86)/atmel/studio/7.0/toolchain/arm/arm-gnu-toolchain/bin/../lib/gcc/arm-none-eabi/6.3.1/../../../../arm-none-eabi/lib/thumb/v6-m\libc.a(lib_a-memcpy-stub.o)
 .debug_frame   0x0000203c       0x30 c:/program files (x86)/atmel/studio/7.0/toolchain/arm/arm-gnu-toolchain/bin/../lib/gcc/arm-none-eabi/6.3.1/../../../../arm-none-eabi/lib/thumb/v6-m\libc.a(lib_a-memset.o)
 .debug_frame   0x0000206c       0x28 c:/program files (x86)/atmel/studio/7.0/toolchain/arm/arm-gnu-toolchain/bin/../lib/gcc/arm-none-eabi/6.3.1/../../../../arm-none-eabi/lib/thumb/v6-m\libc.a(lib_a-strlen-stub.o)
 .debug_frame   0x00002094       0x30 c:/program files (x86)/atmel/studio/7.0/toolchain/arm/arm-gnu-toolchain/bin/../lib/gcc/arm-none-eabi/6.3.1/../../../../arm-none-eabi/lib/thumb/v6-m\libc.a(lib_a-strncpy.o)
 .debug_frame   0x000020c4       0x48 c:/program files (x86)/atmel/studio/7.0/toolchain/arm/arm-gnu-toolchain/bin/../lib/gcc/arm-none-eabi/6.3.1/../../../../arm-none-eabi/lib/thumb/v6-m\libc.a(lib_a-vsniprintf.o)
 .debug_frame   0x0000210c       0x54 c:/program files (x86)/atmel/studio/7.0/toolchain/arm/arm-gnu-toolchain/bin/../lib/gcc/arm-none-eabi/6.3.1/../../../../arm-none-eabi/lib/thumb/v6-m\libc.a(lib_a-__call_atexit.o)
 .debug_frame   0x00002160       0x28 c:/program files (x86)/atmel/studio/7.0/toolchain/arm/arm-gnu-toolchain/bin/../lib/gcc/arm-none-eabi/6.3.1/../../../../arm-none-eabi/lib/thumb/v6-m\libc.a(lib_a-atexit.o)
 .debug_frame   0x00002188       0x2c c:/program files (x86)/atmel/studio/7.0/toolchain/arm/arm-gnu-toolchain/bin/../lib/gcc/arm-none-eabi/6.3.1/../../../../arm-none-eabi/lib/thumb/v6-m\libc.a(lib_a-fini.o)
 .debug_frame   0x000021b4       0x50 c:/program files (x86)/atmel/studio/7.0/toolchain/arm/arm-gnu-toolchain/bin/../lib/gcc/arm-none-eabi/6.3.1/../../../../arm-none-eabi/lib/thumb/v6-m\libc.a(lib_a-freer.o)
 .debug_frame   0x00002204       0xb0 c:/program files (x86)/atmel/studio/7.0/toolchain/arm/arm-gnu-toolchain/bin/../lib/gcc/arm-none-eabi/6.3.1/../../../../arm-none-eabi/lib/thumb/v6-m\libc.a(lib_a-lock.o)
 .debug_frame   0x000022b4       0x3c c:/program files (x86)/atmel/studio/7.0/toolchain/arm/arm-gnu-toolchain/bin/../lib/gcc/arm-none-eabi/6.3.1/../../../../arm-none-eabi/lib/thumb/v6-m\libc.a(lib_a-mallocr.o)
 .debug_frame   0x000022f0       0x2c c:/program files (x86)/atmel/studio/7.0/toolchain/arm/arm-gnu-toolchain/bin/../lib/gcc/arm-none-eabi/6.3.1/../../../../arm-none-eabi/lib/thumb/v6-m\libc.a(lib_a-memchr-stub.o)
 .debug_frame   0x0000231c       0x40 c:/program files (x86)/atmel/studio/7.0/toolchain/arm/arm-gnu-toolchain/bin/../lib/gcc/arm-none-eabi/6.3.1/../../../../arm-none-eabi/lib/thumb/v6-m\libc.a(lib_a-mlock.o)
 .debug_frame   0x0000235c       0x2c c:/program files (x86)/atmel/studio/7.0/toolchain/arm/arm-gnu-toolchain/bin/../lib/gcc/arm-none-eabi/6.3.1/../../../../arm-none-eabi/lib/thumb/v6-m\libc.a(lib_a-sbrkr.o)
 .debug_frame   0x00002388       0x68 c:/program files (x86)/atmel/studio/7.0/toolchain/arm/arm-gnu-toolchain/bin/../lib/gcc/arm-none-eabi/6.3.1/../../../../arm-none-eabi/lib/thumb/v6-m\libc.a(lib_a-svfiprintf.o)
 .debug_frame   0x000023f0       0x3c c:/program files (x86)/atmel/studio/7.0/toolchain/arm/arm-gnu-toolchain/bin/../lib/gcc/arm-none-eabi/6.3.1/../../../../arm-none-eabi/lib/thumb/v6-m\libc.a(lib_a-__atexit.o)
 .debug_frame   0x0000242c       0x30 c:/program files (x86)/atmel/studio/7.0/toolchain/arm/arm-gnu-toolchain/bin/../lib/gcc/arm-none-eabi/6.3.1/../../../../arm-none-eabi/lib/thumb/v6-m\libc.a(lib_a-memmove.o)
 .debug_frame   0x0000245c       0x3c c:/program files (x86)/atmel/studio/7.0/toolchain/arm/arm-gnu-toolchain/bin/../lib/gcc/arm-none-eabi/6.3.1/../../../../arm-none-eabi/lib/thumb/v6-m\libc.a(lib_a-reallocr.o)
 .debug_frame   0x00002498       0x48 c:/program files (x86)/atmel/studio/7.0/toolchain/arm/arm-gnu-toolchain/bin/../lib/gcc/arm-none-eabi/6.3.1/../../../../arm-none-eabi/lib/thumb/v6-m\libc.a(lib_a-reent.o)
