../Core/sht4xx_driver/sht40x_driver_interface.c:38:9:sht40x_interface_i2c_init	0	static
../Core/sht4xx_driver/sht40x_driver_interface.c:53:9:sht40x_interface_i2c_deinit	0	static
../Core/sht4xx_driver/sht40x_driver_interface.c:115:6:sht40x_interface_delay_ms	0	static
../Core/sht4xx_driver/sht40x_driver_interface.c:128:6:sht40x_interface_debug_print	280	static
../Core/sht4xx_driver/sht40x_driver_interface.c:73:9:sht40x_interface_i2c_read	8	static
../Core/sht4xx_driver/sht40x_driver_interface.c:97:9:sht40x_interface_i2c_write	8	static
