../Core/sht4xx_driver/sht40x_driver.c:57:9:a_sht40x_i2c_write	16	static
../Core/sht4xx_driver/sht40x_driver.c:78:9:a_sht40x_i2c_read	8	static
../Core/sht4xx_driver/sht40x_driver.c:94:6:a_sht40x_print_error_msg	0	static
../Core/sht4xx_driver/sht40x_driver.c:111:9:sht40x_init	16	static
../Core/sht4xx_driver/sht40x_driver.c:178:9:sht40x_deinit	16	static
../Core/sht4xx_driver/sht40x_driver.c:204:9:sht40x_set_addr	0	static
../Core/sht4xx_driver/sht40x_driver.c:233:9:sht40x_get_addr	0	static
../Core/sht4xx_driver/sht40x_driver.c:260:9:sht40x_set_variant	0	static
../Core/sht4xx_driver/sht40x_driver.c:321:9:sht40x_get_variant	0	static
../Core/sht4xx_driver/sht40x_driver.c:351:9:sht40x_get_temp_rh	24	static
../Core/sht4xx_driver/sht40x_driver.c:403:9:sht40x_get_serial_number	24	static
../Core/sht4xx_driver/sht40x_driver.c:460:9:sht40x_activate_heater	32	static
../Core/sht4xx_driver/sht40x_driver.c:517:9:sht40x_soft_reset	16	static
../Core/sht4xx_driver/sht40x_driver.c:545:9:sht40x_info	16	static
